AIChat.jsx:587 getLatestItemData: 从allChapters找到数据 {characters: '["\\u9648\\u542f (\\u96f6\\u53f7\\u5de5\\u7a0b\\u9ad8\\u7e…4e3a\\u5168\\u7403\\u53cd\\u5e94\\u7684\\u7f29\\u5f71)"]', content: '本章以一场备受瞩目的燕京府国务政令院新闻办公室新闻发布会拉开序幕。面对全球媒体，发言人庄重宣布‘羲和…层指挥中心到云海市的实验室，再到寰宇联盟总部的紧张对峙，各方势力开始评估这一突破带来的机遇与挑战。', core_event: '中国政府以白皮书形式，宣布在‘可控核聚变’领域取得重大突破，并公开首批民用化技术。\n此举标志着异界技术成果以有限、受控的方式，正式向全球公开，开启了新一轮科技与产业革命。', created_at: '2026-03-03T07:03:17.285418', emotional_goal: '', …}
useBlueprintManagement.js:2065 版本快照创建成功: {content: '{"title":"序幕：可控的曙光","order_index":1,"core_event":"…l":"","keywords":"[]","word_count_estimate":3500}', created_at: '2026-03-04T06:56:11.940123', entity_id: 38, entity_type: 'chapter', generation_params: '{}', …}
useBlueprintManagement.js:1705 === 开始应用单个修改 ===
useBlueprintManagement.js:1706 类型: chapter
useBlueprintManagement.js:1707 数据ID: 38
useBlueprintManagement.js:1708 数据标题: 序幕：可控的曙光
useBlueprintManagement.js:1709 AI返回内容长度: 768
useBlueprintManagement.js:1710 AI返回内容前500字: {
  "title": "序幕：可控的曙光",
  "core_event": "华胥国政府以白皮书形式，宣布在‘可控核聚变’领域取得重大突破，并公开首批民用化技术。此举标志着异界技术成果以有限、受控的方式，正式向全球公开，开启了新一轮科技与产业革命。",
  "content": "本章以一场备受瞩目的燕京府国务政令院新闻办公室新闻发布会拉开序幕。面对全球媒体，发言人庄重宣布‘羲和工程’在可控核聚变领域取得里程碑式突破。公开的技术细节经精心设计，旨在展示东方联邦的科技领先地位，同时强调其可控、和平的初衷。白皮书发布后，迅速在全球引发连锁反应，从零号工程在燕京府的深层指挥中心到沪津市的实验室，再到寰宇联盟总部的紧张对峙，各方势力开始评估这一突破带来的机遇与挑战。",
  "scenes": ["燕京府，国务政令院新闻办公室新闻发布会现场。气氛庄重，国内外媒体云集，等待一项可能改变世界的宣布。", "零号工程深层指挥中心。巨大的环形屏幕实时显示全球舆情、金融市场波动及各国政府初步反应数据流。", "沪津市，某顶尖材料实验室。研究人员正根据白皮书公开的部分数据，进行激动人心的初步验证实验
useBlueprintManagement.js:1827 === 开始提取AI返回内容 ===
useBlueprintManagement.js:1828 原始内容长度: 768
useBlueprintManagement.js:1829 原始内容: {
  "title": "序幕：可控的曙光",
  "core_event": "华胥国政府以白皮书形式，宣布在‘可控核聚变’领域取得重大突破，并公开首批民用化技术。此举标志着异界技术成果以有限、受控的方式，正式向全球公开，开启了新一轮科技与产业革命。",
  "content": "本章以一场备受瞩目的燕京府国务政令院新闻办公室新闻发布会拉开序幕。面对全球媒体，发言人庄重宣布‘羲和工程’在可控核聚变领域取得里程碑式突破。公开的技术细节经精心设计，旨在展示东方联邦的科技领先地位，同时强调其可控、和平的初衷。白皮书发布后，迅速在全球引发连锁反应，从零号工程在燕京府的深层指挥中心到沪津市的实验室，再到寰宇联盟总部的紧张对峙，各方势力开始评估这一突破带来的机遇与挑战。",
  "scenes": ["燕京府，国务政令院新闻办公室新闻发布会现场。气氛庄重，国内外媒体云集，等待一项可能改变世界的宣布。", "零号工程深层指挥中心。巨大的环形屏幕实时显示全球舆情、金融市场波动及各国政府初步反应数据流。", "沪津市，某顶尖材料实验室。研究人员正根据白皮书公开的部分数据，进行激动人心的初步验证实验。", "寰宇联盟总部大楼外。记者围堵各国代表，追问对‘华胥国技术突破’的看法，气氛紧张而充满期待。"],
  "characters": ["陈启 (零号工程高级顾问，文明联合体精神象征)", "李卫国 (零号工程总指挥)", "外交部新闻发言人 (负责对外宣布)", "林薇 (材料科学家，零号工程核心成员)", "多位未具名的外国政要与记者 (作为全球反应的缩影)"],
  "emotional_goal": "暂无",
  "keywords": ["暂无"],
  "word_count_estimate": 3500
}
useBlueprintManagement.js:1830 类型: chapter
useBlueprintManagement.js:1844 JSON解析成功: {title: '序幕：可控的曙光', core_event: '华胥国政府以白皮书形式，宣布在‘可控核聚变’领域取得重大突破，并公开首批民用化技术。此举标志着异界技术成果以有限、受控的方式，正式向全球公开，开启了新一轮科技与产业革命。', content: '本章以一场备受瞩目的燕京府国务政令院新闻办公室新闻发布会拉开序幕。面对全球媒体，发言人庄重宣布‘羲和…层指挥中心到沪津市的实验室，再到寰宇联盟总部的紧张对峙，各方势力开始评估这一突破带来的机遇与挑战。', scenes: Array(4), characters: Array(5), …}
useBlueprintManagement.js:1845 core_event字段: 华胥国政府以白皮书形式，宣布在‘可控核聚变’领域取得重大突破，并公开首批民用化技术。此举标志着异界技术成果以有限、受控的方式，正式向全球公开，开启了新一轮科技与产业革命。
useBlueprintManagement.js:1846 scenes字段: (4) ['燕京府，国务政令院新闻办公室新闻发布会现场。气氛庄重，国内外媒体云集，等待一项可能改变世界的宣布。', '零号工程深层指挥中心。巨大的环形屏幕实时显示全球舆情、金融市场波动及各国政府初步反应数据流。', '沪津市，某顶尖材料实验室。研究人员正根据白皮书公开的部分数据，进行激动人心的初步验证实验。', '寰宇联盟总部大楼外。记者围堵各国代表，追问对‘华胥国技术突破’的看法，气氛紧张而充满期待。']
useBlueprintManagement.js:1854 JSON格式有效，直接返回解析结果
useBlueprintManagement.js:1855 返回的core_event: 华胥国政府以白皮书形式，宣布在‘可控核聚变’领域取得重大突破，并公开首批民用化技术。此举标志着异界技术成果以有限、受控的方式，正式向全球公开，开启了新一轮科技与产业革命。
useBlueprintManagement.js:1717 提取后的内容: {title: '序幕：可控的曙光', core_event: '华胥国政府以白皮书形式，宣布在‘可控核聚变’领域取得重大突破，并公开首批民用化技术。此举标志着异界技术成果以有限、受控的方式，正式向全球公开，开启了新一轮科技与产业革命。', content: '本章以一场备受瞩目的燕京府国务政令院新闻办公室新闻发布会拉开序幕。面对全球媒体，发言人庄重宣布‘羲和…层指挥中心到沪津市的实验室，再到寰宇联盟总部的紧张对峙，各方势力开始评估这一突破带来的机遇与挑战。', scenes: Array(4), characters: Array(5), …}
useBlueprintManagement.js:1784 章纲 - extractedContent: {title: '序幕：可控的曙光', core_event: '华胥国政府以白皮书形式，宣布在‘可控核聚变’领域取得重大突破，并公开首批民用化技术。此举标志着异界技术成果以有限、受控的方式，正式向全球公开，开启了新一轮科技与产业革命。', content: '本章以一场备受瞩目的燕京府国务政令院新闻办公室新闻发布会拉开序幕。面对全球媒体，发言人庄重宣布‘羲和…层指挥中心到沪津市的实验室，再到寰宇联盟总部的紧张对峙，各方势力开始评估这一突破带来的机遇与挑战。', scenes: Array(4), characters: Array(5), …}
useBlueprintManagement.js:1785 章纲 - extractedContent.core_event: 华胥国政府以白皮书形式，宣布在‘可控核聚变’领域取得重大突破，并公开首批民用化技术。此举标志着异界技术成果以有限、受控的方式，正式向全球公开，开启了新一轮科技与产业革命。
useBlueprintManagement.js:1786 章纲 - extractedContent.scenes: (4) ['燕京府，国务政令院新闻办公室新闻发布会现场。气氛庄重，国内外媒体云集，等待一项可能改变世界的宣布。', '零号工程深层指挥中心。巨大的环形屏幕实时显示全球舆情、金融市场波动及各国政府初步反应数据流。', '沪津市，某顶尖材料实验室。研究人员正根据白皮书公开的部分数据，进行激动人心的初步验证实验。', '寰宇联盟总部大楼外。记者围堵各国代表，追问对‘华胥国技术突破’的看法，气氛紧张而充满期待。']
useBlueprintManagement.js:1732 字段 title: 使用新值 序幕：可控的曙光...
useBlueprintManagement.js:1732 字段 core_event: 使用新值 华胥国政府以白皮书形式，宣布在‘可控核聚变’领域取得重大突破，并公开首批民用化技术。此举标志着异界技...
useBlueprintManagement.js:1732 字段 content: 使用新值 本章以一场备受瞩目的燕京府国务政令院新闻办公室新闻发布会拉开序幕。面对全球媒体，发言人庄重宣布‘羲和...
useBlueprintManagement.js:1732 字段 scenes: 使用新值 (4) ['燕京府，国务政令院新闻办公室新闻发布会现场。气氛庄重，国内外媒体云集，等待一项可能改变世界的宣布。', '零号工程深层指挥中心。巨大的环形屏幕实时显示全球舆情、金融市场波动及各国政府初步反应数据流。', '沪津市，某顶尖材料实验室。研究人员正根据白皮书公开的部分数据，进行激动人心的初步验证实验。', '寰宇联盟总部大楼外。记者围堵各国代表，追问对‘华胥国技术突破’的看法，气氛紧张而充满期待。']
useBlueprintManagement.js:1732 字段 characters: 使用新值 (5) ['陈启 (零号工程高级顾问，文明联合体精神象征)', '李卫国 (零号工程总指挥)', '外交部新闻发言人 (负责对外宣布)', '林薇 (材料科学家，零号工程核心成员)', '多位未具名的外国政要与记者 (作为全球反应的缩影)']
useBlueprintManagement.js:1732 字段 emotional_goal: 使用新值 暂无...
useBlueprintManagement.js:1732 字段 keywords: 使用新值 ['暂无']
useBlueprintManagement.js:1732 字段 word_count_estimate: 使用新值 3500
useBlueprintManagement.js:1798 更新章纲数据: {characters: Array(5), content: '本章以一场备受瞩目的燕京府国务政令院新闻办公室新闻发布会拉开序幕。面对全球媒体，发言人庄重宣布‘羲和…层指挥中心到沪津市的实验室，再到寰宇联盟总部的紧张对峙，各方势力开始评估这一突破带来的机遇与挑战。', core_event: '华胥国政府以白皮书形式，宣布在‘可控核聚变’领域取得重大突破，并公开首批民用化技术。此举标志着异界技术成果以有限、受控的方式，正式向全球公开，开启了新一轮科技与产业革命。', created_at: '2026-03-03T07:03:17.285418', emotional_goal: '暂无', …}
useBlueprintManagement.js:1799 更新章纲 - core_event: 华胥国政府以白皮书形式，宣布在‘可控核聚变’领域取得重大突破，并公开首批民用化技术。此举标志着异界技术成果以有限、受控的方式，正式向全球公开，开启了新一轮科技与产业革命。
useBlueprintManagement.js:1800 发送给后端的数据: {
  "characters": [
    "陈启 (零号工程高级顾问，文明联合体精神象征)",
    "李卫国 (零号工程总指挥)",
    "外交部新闻发言人 (负责对外宣布)",
    "林薇 (材料科学家，零号工程核心成员)",
    "多位未具名的外国政要与记者 (作为全球反应的缩影)"
  ],
  "content": "本章以一场备受瞩目的燕京府国务政令院新闻办公室新闻发布会拉开序幕。面对全球媒体，发言人庄重宣布‘羲和工程’在可控核聚变领域取得里程碑式突破。公开的技术细节经精心设计，旨在展示东方联邦的科技领先地位，同时强调其可控、和平的初衷。白皮书发布后，迅速在全球引发连锁反应，从零号工程在燕京府的深层指挥中心到沪津市的实验室，再到寰宇联盟总部的紧张对峙，各方势力开始评估这一突破带来的机遇与挑战。",
  "core_event": "华胥国政府以白皮书形式，宣布在‘可控核聚变’领域取得重大突破，并公开首批民用化技术。此举标志着异界技术成果以有限、受控的方式，正式向全球公开，开启了新一轮科技与产业革命。",
  "created_at": "2026-03-03T07:03:17.285418",
  "emotional_goal": "暂无",
  "id": 38,
  "keywords": [
    "暂无"
  ],
  "order_index": 1,
  "project_id": 2,
  "scenes": [
    "燕京府，国务政令院新闻办公室新闻发布会现场。气氛庄重，国内外媒体云集，等待一项可能改变世界的宣布。",
    "零号工程深层指挥中心。巨大的环形屏幕实时显示全球舆情、金融市场波动及各国政府初步反应数据流。",
    "沪津市，某顶尖材料实验室。研究人员正根据白皮书公开的部分数据，进行激动人心的初步验证实验。",
    "寰宇联盟总部大楼外。记者围堵各国代表，追问对‘华胥国技术突破’的看法，气氛紧张而充满期待。"
  ],
  "status": "未写",
  "title": "序幕：可控的曙光",
  "type": "普通",
  "updated_at": "2026-03-04T06:31:30.680796",
  "version": 1,
  "volume": "",
  "volume_id": 9,
  "word_count": 192,
  "word_count_estimate": 3500
}
useBlueprintManagement.js:1808 章纲更新成功，后端返回: {characters: '["\\u9648\\u542f (\\u96f6\\u53f7\\u5de5\\u7a0b\\u9ad8\\u7e…4e3a\\u5168\\u7403\\u53cd\\u5e94\\u7684\\u7f29\\u5f71)"]', content: '本章以一场备受瞩目的燕京府国务政令院新闻办公室新闻发布会拉开序幕。面对全球媒体，发言人庄重宣布‘羲和…层指挥中心到沪津市的实验室，再到寰宇联盟总部的紧张对峙，各方势力开始评估这一突破带来的机遇与挑战。', core_event: '中国政府以白皮书形式，宣布在‘可控核聚变’领域取得重大突破，并公开首批民用化技术。\n此举标志着异界技术成果以有限、受控的方式，正式向全球公开，开启了新一轮科技与产业革命。', created_at: '2026-03-03T07:03:17.285418', emotional_goal: '', …}
