=== STREAM_AI_RESPONSE ===
Data: ```json
{
    "characters": [
        {
            "id": "char_001",
            "name": "陈启",
            "type": "超能力者/核心顾问",
            "brief": "一名刚毕业的普通大学生，拥有能够打开通往异世界“门”的特殊能力。在经历激烈的思想斗争后，他选择通过特殊网络渠道匿名上报自己的能力。性格上可能具有谨慎、挣扎于平凡与非凡之间、最终选择承担责任的复杂性。能力被证实后，他被中央联邦安全部秘密带走，并最终被授予“最高权限顾问”身份，成为代号【零号工程】绝密计划的核心成员，其存在和行动对该世界未来与异世界的交互具有决定性影响。",
            "importance_level": 10
        },
        {
            "id": "char_002",
            "name": "李卫国",
            "type": "政府高级官员/项目负责人",
            "brief": "中央联邦安全部的高级官员，是【零号工程】初期的负责人。他在接到陈启的匿名加密报告后，迅速反应，启动最高级别的秘密调查程序，并主导了对陈启的初步接触、询问和测试。他代表着国家层面面对超自然现象时的决策与执行力，是连接个体超能力者与国家庞大机器之间的关键桥梁。其身份和行为表明了他拥有极高的权限和信任度，是推动整个【零号工程】从构想变为现实的关键人物之一。",
            "importance_level": 8
        }
    ],
    "locations": [
        {
            "id": "loc_001",
            "name": "陈启的公寓",
            "type": "私人住宅",
            "brief": "陈启租住的单人公寓，是故事开始的地点。深夜，灯光昏暗，电脑屏幕闪烁，陈启在此反复验证并最终决定上报自己的穿越能力。这个场景象征着普通人生活与非凡命运的交汇点，是一个充满私密性、犹豫和决断的初始空间。",
            "importance_level": 6
        },
        {
            "id": "loc_002",
            "name": "安全屋",
            "type": "秘密设施",
            "brief": "城市中一处不起眼的秘密安全屋，内部装修简洁，配备了基础的监控设备。这里是陈启被秘密带往后，接受由多领域专家组成的联合询问和初步测试的地点。它代表了国家机构处理超常规事件时的隐秘、高效和临时性，是从“平民陈启”过渡到“零号工程成员陈启”的关键中转站。",
            "importance_level": 6
        },
        {
            "id": "loc_003",
            "name": "军用机场",
            "type": "军事设施",
            "brief": "深夜的军用机场，一架没有任何标识的运输机在黑暗中滑行。这个场景暗示了陈启将被转移至更高级别、更隐秘的场所（推测是“昆仑”基地），象征着事件已完全脱离个人范畴，进入国家级别的军事化、保密化的行动阶段。",
            "importance_level": 5
        },
        {
            "id": "loc_004",
            "name": "昆仑基地",
            "type": "绝密军事/研究基地",
            "brief": "代号为“昆仑”的绝密基地，在陈启能力被证实后，于最高层面得到批准并开始紧急建设。根据其代号和上下文推断，这很可能是一个专门为研究、利用陈启的穿越能力以及与异世界进行潜在接触而建立的综合性大型秘密设施，是【零号工程】未来的核心运作场所。",
            "importance_level": 8
        }
    ],
    "factions": [
        {
            "id": "fact_001",
            "name": "中央联邦安全部",
            "type": "国家政府部门/情报安全机构",
            "brief": "禹州中央联邦的政府核心部门之一，负责国家安全与情报事务。在接收到陈启的匿名加密报告后，该部门表现出极高的警觉性和行动力，立即启动最高级别的秘密调查程序。这表明该部门拥有处理超常规、超自然事件的权限、渠道和应急机制，是国家意志在面对未知威胁或机遇时的直接执行臂膀，也是【零号工程】的直接发起和管理部门之一。",
            "importance_level": 8
        },
        {
            "id": "fact_002",
            "name": "零号工程",
            "type": "国家绝密计划/研究项目",
            "brief": "因陈启上报的异世界穿越能力而启动的最高绝密等级的国家计划。在陈启能力被初步证实后，该计划在“最高层面”得到批准。它是一个综合性的项目，初期由中央联邦安全部高级官员李卫国负责，旨在研究、利用陈启的能力，并探索、应对或开发与之相关的异世界。代号“昆仑”的基地是其硬件设施，陈启作为“最高权限顾问”是其核心人力资源。该工程标志着故事中的世界政府对超自然现象从被动反应转向主动、系统化研究的重大转折点。",
            "importance_level": 9
        }
    ],
    "items": [
        {
            "id": "item_001",
            "name": "加密报告",
            "type": "信息载体/电子文件",
            "brief": "陈启通过特殊网络渠道匿名发送的一份报告，详细描述了自己能够打开“门”的异世界穿越能力。这份报告是引发整个【零号工程】的导火索，其内容具有颠覆性，直接触发了国家最高层面的秘密行动。它代表了从个体秘密到国家机密的关键信息转换节点。",
            "importance_level": 7
        }
    ],
    "dimensions": [
        {
            "id": "dim_001",
            "name": "异世界",
            "type": "平行世界/未知维度",
            "brief": "由陈启的能力所打开“门”连接着的未知世界。在故事片段中尚未被详细描述，但它是整个事件的核心驱动因素。它的存在被陈启证实，并被中央联邦政府认定为具有极高战略价值或潜在风险的探索目标。【零号工程】的终极目的很可能就是探索、理解并建立与这个世界的关系。它的性质（如魔法、科技、生态、文明）将深刻影响主角所在世界未来的发展轨迹。",
            "importance_level": 9
        }
    ],
    "regions": [
        {
            "id": "reg_001",
            "name": "禹州",
            "type": "国家/联邦",
            "brief": "故事主要发生的国家或联邦政体。其政府架构中包含“中央联邦安全部”，拥有启动【零号工程】这类绝密计划的决策和执行能力。从名称和机构设置推断，这可能是一个现代化、中央集权程度较高的国家，具备完善的国家安全体系和快速应对重大非常规事件的能力。",
            "importance_level": 7
        }
    ],
    "celestial_bodies": [],
    "natural_laws": [],
    "energy_systems": [
        {
            "id": "ener_001",
            "name": "门/穿越能力",
            "type": "空间操控/维度穿越",
            "brief": "陈启所拥有的核心超自然能力，表现为能够打开通往另一个世界的“门”。这是一种超越常规物理法则的空间操控或维度穿越能力。在片段中，陈启需要“反复验证”以确保其真实性和可控性。该能力是【零号工程】存在的基石，其原理、限制、消耗、是否可复制或学习等细节尚未揭示，但无疑是世界能量/规则体系中一个全新且关键的变量。",
            "importance_level": 10
        }
    ],
    "civilizations": [
        {
            "id": "civ_001",
            "name": "禹州文明（主角所在世界）",
            "type": "现代/近未来国家文明",
            "brief": "陈启和李卫国所属的文明。从文本中出现的“中央联邦安全部”、“军用机场”、“绝密计划”、“多领域专家”等元素推断，这是一个发展到与现代地球文明相似或略高的科技与社会组织水平的国家文明。它拥有成熟的国家安全体系、科研能力、军事力量和高效的行政执行力。在面对“异世界穿越”这种超自然现象时，其反应迅速、系统且高度保密，展现出一种理性、务实且注重控制的国家行为模式。该文明目前处于一个因个体超能力发现而可能面临剧变的门槛上。",
            "importance_level": 8
        }
    ],
    "social_classes": [],
    "political_systems": [
        {
            "id": "polsys_001",
            "name": "禹州中央联邦政府",
            "type": "联邦制/中央集权政府",
            "brief": "禹州地区的最高行政权力机构。其权力结构包含“中央联邦安全部”这样的核心部门，并拥有在“最高层面”批准如【零号工程】这类绝密计划的最终决策权。决策流程高效且保密等级极高，能够迅速调动资源（如建设“昆仑”基地、组织多领域专家）。这表明该政府拥有强大的中央权威和应对紧急战略事务的能力，其政治体制可能偏向于集权或拥有高度集中的危机处理机制。",
            "importance_level": 7
        }
    ],
    "economic_systems": [],
    "cultural_customs": [],
    "historical_eras": [
        {
            "id": "era_001",
            "name": "零号工程时代",
            "type": "重大转折时期",
            "brief": "以【零号工程】的启动为标志的新历史时期。这个时代始于陈启上报能力并被政府确认，其特点是超自然现象（异世界穿越）从民间传说或个人秘密，正式进入国家层面的系统性研究、开发和管控视野。它可能预示着主角所在世界从单一维度文明向多维文明探索的转型开端，社会、科技、国际关系乃至世界观都可能因此发生根本性变革。",
            "importance_level": 8
        }
    ],
    "historical_events": [
        {
            "id": "event_001",
            "name": "陈启上报穿越能力事件",
            "type": "发现/上报事件",
            "brief": "故事的核心起始事件。普通大学毕业生陈启在确认自身拥有打开异世界之“门”的能力后，经过思想斗争，选择通过特殊网络渠道匿名向中央联邦安全部发送加密报告。这一行为将个体的超自然秘密转变为国家最高机密，直接触发了后续一系列连锁反应，包括秘密调查、询问测试、以及最终【零号工程】的批准与启动。该事件是连接平凡世界与非凡未来的关键节点。",
            "importance_level": 9
        },
        {
            "id": "event_002",
            "name": "零号工程启动",
            "type": "国家计划启动事件",
            "brief": "在陈启的能力被多领域专家初步证实后，由禹州中央联邦政府在“最高层面”批准启动的绝密计划。该事件的决策层级极高，保密等级为“最高绝密”。它标志着国家力量正式、系统性地介入对异世界穿越能力及相关现象的研究与开发。伴随该事件的是代号“昆仑”的绝密基地紧急开建，以及陈启被授予“最高权限顾问”身份。这是国家战略方向的一次重大调整。",
            "importance_level": 9
        }
    ],
    "historical_figures": [],
    "relations": [
        {
            "id": "rel_001",
            "name": "陈启与零号工程的所属关系",
            "type": "核心成员关系",
            "brief": "陈启在能力被证实后，被授予“最高权限顾问”身份，正式成为【零号工程】的核心成员。这是一种深度绑定且高度特殊的关系。陈启是工程存在的前提和主要研究对象/工具，同时又被赋予顾问权限，可能拥有一定的知情权和参与决策权。这关系既包含被研究、被控制的成分，也包含合作与依赖的成分，是个人命运与国家战略紧密结合的体现。",
            "importance_level": 8
        },
        {
            "id": "rel_002",
            "name": "李卫国与零号工程的领导关系",
            "type": "项目负责人关系",
            "brief": "李卫国作为中央联邦安全部的高级官员，是【零号工程】初期的负责人。他代表国家政府部门对该绝密计划进行直接管理和领导，负责从调查陈启到工程初期建设运营的一系列事务。他是国家意志在该项目上的具体执行者和协调者。",
            "importance_level": 7
        },
        {
            "id": "rel_003",
            "name": "中央联邦安全部与零号工程的管辖关系",
            "type": "主管/执行关系",
            "brief": "中央联邦安全部是【零号工程】的直接发起和管理部门。该部门接收报告、启动调查、组织专家测试，并派出李卫国作为初期负责人。这表明【零号工程】在行政上隶属于或主要由该安全部门主导，凸显了该工程在初始阶段被定位于国家安全和战略情报范畴，而非纯粹的科研项目。",
            "importance_level": 7
        }
    ]
}
```
=== STREAM_INPUT_PROMPT ===
Data: 请分析以下故事内容片段（章纲《上交》），提取其中的世界观设定元素。

## 分析要求
- 策略：基于文本进行合理推断和补充
- 需要提取：角色（姓名、身份、性格、能力等）, 地点场景（城市、建筑、自然景观等）, 组织势力（门派、国家、组织、机构等）, 物品资源（武器、法宝、道具、信息载体等）, world_architecture, 能量体系（力量等级、修炼体系、超自然能力等）, 文明体系（文明类型、发展阶段、人口规模、政治体制等）, 社会阶层（贵族、平民、奴隶等不同阶层及其特权和义务）, 政治体系（政府类型、权力结构、决策流程等）, 经济体系（货币名称、经济模式、贸易体系等）, 文化习俗（节日、礼仪、禁忌、传统等）, timeline_events, 关系网络（角色与组织关系、组织间关系等）

## 只返回以下类型，禁止返回其他类型（共18种）：
  1. characters - 角色：具体的人，有姓名、身份、性格
  2. locations - 地点场景：具体的地点，如城市、建筑、房间，道路
  3. factions - 组织势力：组织、机构、国家、政府、部门、门派、计划项目（如"零号工程"、"昆仑基地"是组织不是地点）
  4. items - 物品资源：具体的物品、武器、情报、载具、文件
  5. dimensions - 维度/位面：独立的世界、位面、空间维度、平行世界
  6. regions - 地理区域：大陆、国家、地区、领地、地理分区
  7. celestial_bodies - 天体：星球、恒星、卫星、星系等天体及其属性
  8. natural_laws - 自然法则：物理法则、魔法规则、世界规则
  9. energy_systems - 能量体系：力量等级、修炼体系、超自然能力
  10. civilizations - 文明体系：文明类型、发展阶段、人口规模、政治体制、经济体制等
  11. social_classes - 社会阶层：贵族、平民、奴隶等不同阶层及其特权和义务
  12. political_systems - 政治体系：政府类型、权力结构、决策流程、继承制度等
  13. economic_systems - 经济体系：货币名称、经济模式、贸易体系、税收系统等
  14. cultural_customs - 文化习俗：节日、礼仪、禁忌、传统、宗教等
  15. historical_eras - 历史纪元：时代、纪年、重要历史时期
  16. historical_events - 历史事件：战争、革命、发明、灾难等具体事件
  17. historical_figures - 历史人物：重要的历史人物、领袖、英雄等
  18. relations - 关系网络：人与组织的关系、组织间的关系
- 关键区分：
  1. "国家/政府/部门" → factions（不是 locations）
  2. "绝密基地/秘密设施" → factions（如果是组织）或 locations（如果是具体地点）
  3. "计划/工程/项目" → factions（如"零号工程"）
  4. "世界/维度/空间通道" → dimensions（不是 world_architecture）
  5. "大陆/地区/领地/国家" → regions
  6. "星球/恒星/卫星/星系" → celestial_bodies
  7. "物理法则/魔法规则/世界规则" → natural_laws
  8. "能力/超自然能力/魔法/修炼体系" → energy_systems（不是 items）
  9. "门/传送门/空间门" → dimensions（如果是空间通道）或 energy_systems（如果是能力）
  10. "贵族/平民/奴隶/阶层" → social_classes（不是 civilizations）
  11. "节日/婚礼/葬礼/礼仪" → cultural_customs
  12. "货币/工资/税收/贸易" → economic_systems
  13. "时代/纪年/历史时期" → historical_eras
  14. "战争/革命/发明/灾难" → historical_events
  15. "历史人物/领袖/英雄" → historical_figures

## 内容片段
```
【章纲标题】上交
【章纲内容】陈启，一名刚毕业的大学生，在公寓内反复验证自身能打开“门”的能力。经过激烈的思想斗争，他决定通过特殊网络渠道匿名发送一份加密报告。报告内容引起中央联邦安全部高度警觉，并立即启动最高级别的秘密调查程序。陈启被秘密带往一处安全屋，接受由
=== STREAM_PARSED_RESULT ===
Data: {
  "characters": [
    {
      "id": "char_001",
      "name": "陈启",
      "type": "超能力者/核心顾问",
      "brief": "一名刚毕业的普通大学生，拥有能够打开通往异世界“门”的特殊能力。在经历激烈的思想斗争后，他选择通过特殊网络渠道匿名上报自己的能力。性格上可能具有谨慎、挣扎于平凡与非凡之间、最终选择承担责任的复杂性。能力被证实后，他被中央联邦安全部秘密带走，并最终被授予“最高权限顾问”身份，成为代号【零号工程】绝密计划的核心成员，其存在和行动对该世界未来与异世界的交互具有决定性影响。",
      "importance_level": 10
    },
    {
      "id": "char_002",
      "name": "李卫国",
      "type": "政府高级官员/项目负责人",
      "brief": "中央联邦安全部的高级官员，是【零号工程】初期的负责人。他在接到陈启的匿名加密报告后，迅速反应，启动最高级别的秘密调查程序，并主导了对陈启的初步接触、询问和测试。他代表着国家层面面对超自然现象时的决策与执行力，是连接个体超能力者与国家庞大机器之间的关键桥梁。其身份和行为表明了他拥有极高的权限和信任度，是推动整个【零号工程】从构想变为现实的关键人物之一。",
      "importance_level": 8
    }
  ],
  "locations": [
    {
      "id": "loc_001",
      "name": "陈启的公寓",
      "type": "私人住宅",
      "brief": "陈启租住的单人公寓，是故事开始的地点。深夜，灯光昏暗，电脑屏幕闪烁，陈启在此反复验证并最终决定上报自己的穿越能力。这个场景象征着普通人生活与非凡命运的交汇点，是一个充满私密性、犹豫和决断的初始空间。",
      "importance_level": 6
    },
    {
      "id": "loc_002",
      "name": "安全屋",
      "type": "秘密设施",
      "brief": "城市中一处不起眼的秘密安全屋，内部装修简洁，配备了基础的监控设备。这里是陈启被秘密带往后，接受由多领域专家组成的联合询问和初步测试的地点。它代表了国家机构处理超常规事件时的隐秘、高效和临时性，是从“平民陈启”过渡到“零号工程成员陈启”的关键中转站。",
      "importance_level": 6
    },
    {
      "id": "loc_003",
      "name": "军用机场",
      "type": "军事设施",
      "brief": "深夜的军用机场，一架没有任何标识的运输机在黑暗中滑行。这个场景暗示了陈启将被转移至更高级别、更隐秘的场所（推测是“昆仑”基地），象征着事件已完全脱离个人范畴，进入国家级别的军事化、保密化的行动阶段。",
      "importance_level": 5
    },
    {
      "id": "loc_004",
      "name": "昆仑基地",
      "type": "绝密军事/研究基地",
      "brief": "代号为“昆仑”的绝密基地，在陈启能力被证实后，于最高层面得到批准并开始紧急建设。根据其代号和上下文推断，这很可能是一个专门为研究、利用陈启的穿越能力以及与异世界进行潜在接触而建立的综合性大型秘密设施，是【零号工程】未来的核心运作场所。",
      "importance_level": 8
    }
  ],
  "factions": [
    {
      "id": "fact_001",
      "name": "中央联邦安全部",
      "type": "国家政府部门/情报安全机构",
      "brief": "禹州中央联邦的政府核心部门之一，负责国家安全与情报事务。在接收到陈启的匿名加密报告后，该部门表现出极高的警觉性和行动力，立即启动最高级别的秘密调查程序。这表明该部门拥有处理超常规、超自然事件的权限、渠道和应急机制，是国家意志在面对未知威胁或机遇时的直接执行臂膀，也是【零号工程】的直接发起和管理部门之一。",
      "importance_level": 8
    },
    {
      "id": "fact_002",
      "name": "零号工程",
      "type": "国家绝密计划/研究项目",
      "brief": "因陈启上报的异世界穿越能力而启动的最高绝密等级的国家计划。在陈启能力被初步证实后，该计划在“最高层面”得到批准。它是一个综合性的项目，初期由中央联邦安全部高级官员李卫国负责，旨在研究、利用陈启的能力，并探索、应对或开发与之相关的异世界。代号“昆仑”的基地是其硬件设施，陈启作为“最高权限顾问”是其核心人力资源。该工程标志着故事中的世界政府对超自然现象从被动反应转向主动、系统化研究的重大转折点。",
      "importance_level": 9
    }
  ],
  "items": [
    {
      "id": "item_001",
      "name": "加密报告",
      "type": "信息载体/电子文件",
      "brief": "陈启通过特殊网络渠道匿名发送的一份报告，详细描述了自己能够打开“门”的异世界穿越能力。这份报告是引发整个【零号工程】的导火索，其内容具有颠覆性，直接触发了国家最高层面的秘密行动。它代表了从个体秘密到国家机密的关键信息转换节点。",
      "importance_level": 7
    }
  ],
  "dimensions": [
    {
      "id": "dim_001",
      "name": "异世界",
      "type": "平行世界/未知维度",
      "brief": "由陈启的能力所打开“门”连接着的未知世界。在故事片段中尚未被详细描述，但它是整个事件的核心驱动因素。它的存在被陈启证实，并被中央联邦政府认定为具有极高战略价值或潜在风险的探索目标。【零号工程】的终极目的很可能就是探索、理解并建立与这个世界的关系。它的性质（如魔法、科技、生态、文明）将深刻影响主角所在世界未来的发展轨迹。",
      "importance_level": 9
    }
  ],
  "regions": [
    {
      "id": "reg_001",
      "name": "禹州",
      "type": "国家/联邦",
      "brief": "故事主要发生的国家或联邦政体。其政府架构中包含“中央联邦安全部”，拥有启动【零号工程】这类绝密计划的决策和执行能力。从名称和机构设置推断，这可能是一个现代化、中央集权程度较高的国家，具备完善的国家安全体系和快速应对重大非常规事件的能力。",
      "importance_level": 7
    }
  ],
  "celestial_bodies": [],
  "natural_laws": [],
  "energy_systems": [
    {
      "id": "ener_001",
      "name": "门/穿越能力",
      "type": "空间操控/维度穿越",
      "brief": "陈启所拥有的核心超自然能力，表现为能够打开通往另一个世界的“门”。这是一种超越常规物理法则的空间操控或维度穿越能力。在片段中，陈启需要“反复验证”以确保其真实性和可控性。该能力是【零号工程】存在的基石，其原理、限制、消耗、是否可复制或学习等细节尚未揭示，但无疑是世界能量/规则体系中一个全新且关键的变量。",
      "importance_level": 10
    }
  ],
  "civilizations": [
    {
      "id": "civ_001",
      "name": "禹州文明（主角所在世界）",
      "type": "现代/近未来国家文明",
      "brief": "陈启和李卫国所属的文明。从文本中出现的“中央联邦安全部”、“军用机场”、“绝密计划”、“多领域专家”等元素推断，这是一个发展到与现代地球文明相似或略高的科技与社会组织水平的国家文明。它拥有成熟的国家安全体系、科研能力、军事力量和高效的行政执行力。在面对“异世界穿越”这种超自然现象时，其反应迅速、系统且高度保密，展现出一种理性、务实且注重控制的国家行为模式。该文明目前处于一个因个体超能力发现而可能面临剧变的门槛上。",
      "importance_level": 8
    }
  ],
  "social_classes": [],
  "political_systems": [
    {
      "id": "polsys_001",
      "name": "禹州中央联邦政府",
      "type": "联邦制/中央集权政府",
      "brief": "禹州地区的最高行政权力机构。其权力结构包含“中央联邦安全部”这样的核心部门，并拥有在“最高层面”批准如【零号工程】这类绝密计划的最终决策权。决策流程高效且保密等级极高，能够迅速调动资源（如建设“昆仑”基地、组织多领域专家）。这表明该政府拥有强大的中央权威和应对紧急战略事务的能力，其政治体制可能偏向于集权或拥有高度集中的危机处理机制。",
      "importance_level": 7
    }
  ],
  "economic_systems": [],
  "cultural_customs": [],
  "historical_eras": [
    {
      "id": "era_001",
      "name": "零号工程时代",
      "type": "重大转折时期",
      "brief": "以【零号工程】的启动为标志的新历史时期。这个时代始于陈启上报能力并被政府确认，其特点是超自然现象（异世界穿越）从民间传说或个人秘密，正式进入国家层面的系统性研究、开发和管控视野。它可能预示着主角所在世界从单一维度文明向多维文明探索的转型开端，社会、科技、国际关系乃至世界观都可能因此发生根本性变革。",
      "importance_level": 8
    }
  ],
  "historical_events": [
    {
      "id": "event_001",
      "name": "陈启上报穿越能力事件",
      "type": "发现/上报事件",
      "brief": "故事的核心起始事件。普通大学毕业生陈启在确认自身拥有打开异世界之“门”的能力后，经过思想斗争，选择通过特殊网络渠道匿名向中央联邦安全部发送加密报告。这一行为将个体的超自然秘密转变为国家最高机密，直接触发了后续一系列连锁反应，包括秘密调查、询问测试、以及最终【零号工程】的批准与启动。该事件是连接平凡世界与非凡未来的关键节点。",
      "importance_level": 9
    },
    {
      "id": "event_002",
      "name": "零号工程启动",
      "type": "国家计划启动事件",
      "brief": "在陈启的能力被多领域专家初步证实后，由禹州中央联邦政府在“最高层面”批准启动的绝密计划。该事件的决策层级极高，保密等级为“最高绝密”。它标志着国家力量正式、系统性地介入对异世界穿越能力及相关现象的研究与开发。伴随该事件的是代号“昆仑”的绝密基地紧急开建，以及陈启被授予“最高权限顾问”身份。这是国家战略方向的一次重大调整。",
      "importance_level": 9
    }
  ],
  "historical_figures": [],
  "relations": [
    {
      "id": "rel_001",
      "name": "陈启与零号工程的所属关系",
      "type": "核心成员关系",
      "brief": "陈启在能力被证实后，被授予“最高权限顾问”身份，正式成为【零号工程】的核心成员。这是一种深度绑定且高度特殊的关系。陈启是工程存在的前提和主要研究对象/工具，同时又被赋予顾问权限，可能拥有一定的知情权和参与决策权。这关系既包含被研究、被控制的成分，也包含合作与依赖的成分，是个人命运与国家战略紧密结合的体现。",
      "importance_level": 8
    },
    {
      "id": "rel_002",
      "name": "李卫国与零号工程的领导关系",
      "type": "项目负责人关系",
      "brief": "李卫国作为中央联邦安全部的高级官员，是【零号工程】初期的负责人。他代表国家政府部门对该绝密计划进行直接管理和领导，负责从调查陈启到工程初期建设运营的一系列事务。他是国家意志在该项目上的具体执行者和协调者。",
      "importance_level": 7
    },
    {
      "id": "rel_003",
      "name": "中央联邦安全部与零号工程的管辖关系",
      "type": "主管/执行关系",
      "brief": "中央联邦安全部是【零号工程】的直接发起和管理部门。该部门接收报告、启动调查、组织专家测试，并派出李卫国作为初期负责人。这表明【零号工程】在行政上隶属于或主要由该安全部门主导，凸显了该工程在初始阶段被定位于国家安全和战略情报范畴，而非纯粹的科研项目。",
      "importance_level": 7
    }
  ]
}
