=== Generation Input: 开门能力 ===
Prompt length: 5552
Prompt:
基于以下世界观信息，创建一个详细的能量体系设定：

世界观信息：
未指定世界观，请基于通用奇幻/科幻设定进行生成。

用户要求：
请为以下设定元素生成详细设定。

## 目标元素信息（重要：必须严格基于此信息生成）
【元素名称】开门能力
【元素类型】个人超自然能力
【基础简介】陈启所拥有的独特超自然能力。目前表现为能够自主打开并（可能）控制通往异世界的“门”。该能力的来源、原理、限制条件（如消耗、冷却时间、距离等）以及是否可复制或学习，在文本中尚未详细说明，但已被国家层面的专家初步测试证实。这是当前已知的唯一超自然能量体系表现，是整个故事矛盾和发展的核心驱动力。

## 故事背景上下文
请基于以下故事背景信息来生成设定，确保设定与故事整体世界观一致：


## 故事大纲
【大纲标题】举国开发异世界
【大纲内容】## 1. 故事概述
- **核心概念**：主角陈启获得稳定双向穿梭于现代都市与魔法世界“艾恩兰德”的能力。他选择将秘密上交国家，国家成立绝密机构【零号工程】，开启系统性、战略性的异世界开发。
- **世界观**：现实世界（21世纪中叶【禹州/中央联邦】）与魔法世界“艾恩兰德”（拥有元素魔法、魔兽、多种族、封建王国与神权体系）并存。
- **爽文基调**：集体智慧碾压、降维打击、基建狂魔、文明升维带来的宏大爽感。
- **目标读者**：18-35岁，喜爱硬核开发文、国家流、幕后组织流的男性读者。

## 2. 主角设定
- **身份背景**：普通理工科大学毕业生，爱国青年，思维理性，有大局观。
- **金手指**：稳定的双向空间门能力（可随自身成长缓慢扩大稳定通道），自身成为两个世界唯一的“固定坐标”。
- **性格特点**：冷静、忠诚、有强烈的责任感和家国情怀，是“零号工程”的总顾问与象征性核心。
- **成长目标**：短期目标是协助国家建立稳定的前哨基地，解析魔法原理；长期目标是推动两个文明深度融合，实现全人类（包括艾恩兰德种族）的进化与飞跃。

## 3. 主线剧情（起承转合）
- **起**：陈启发现自己能力，经历短暂思想斗争后，通过特殊渠道联系国安。【禹州/中央联邦】迅速反应，成立【零号工程】，建立绝密基地“昆仑研究所”（代号）。陈启被授予最高权限顾问身份。首个科考队进入艾恩兰德边缘森林，建立“灯塔一号”前哨站。
- **承**：国家开始系统性工作：1) 语言学与文明研究；2) 魔法能量（玛娜）的科学测量与理论建模；3) 基础资源（魔晶、稀有矿物、特殊动植物）勘探与可持续采集方案制定。首次与本地种族（如森林精灵、矮人村落）进行谨慎、平等的接触与贸易，用现代工业品换取初步信任和知识。遭遇首次危机：魔兽潮袭击前哨站，被现代化合成营（结合初步魔法防护）轻松击溃，展现“科学与魔法结合”的初步战力。
- **转**：开发进入深水区。1) **内部冲突**：艾恩兰德传统强国（如圣光教廷、魔法帝国）察觉“异数”，将“昆仑研究所”势力视为异端或威胁，开始派遣探子、发动小规模宗教战争或魔法干扰。2) **外部挑战**：现实世界情报泄露风险增加，国际势力（如新星合众国、旧陆同盟、北境联邦等）嗅到异常，对【禹州/中央联邦】施压与侦察。3) **认知颠覆**：研究发现艾恩兰德远古遗迹暗示其文明曾经历周期性毁灭，可能与滥用魔法或“高维干扰”有关，开发可能唤醒未知危险。4) **技术爆炸**：基于玛娜理论，现实世界成功实现“可控魔法反应”，开启能源革命；同时，基于艾恩兰德材料学的“超导材料”、“生物合金”取得突破。
- **合**：国家决定从“隐秘开发”转向“有限开放合作”。在艾恩兰德，联合当地开明种族和人类王国，成立“文明联合体”，共同开发资源、应对远古威胁（如深渊魔潮）。在现实世界，以可控方式逐步公开部分技术（如新型医疗、清洁能源），引领全球科技革命，同时主导建立《异界开发国际公约》，规范开发行为，避免掠夺性灾难。陈启作为两个世界的桥梁，见证并推动着这场波澜壮阔的文明跃迁。

## 4. 升级体系（国家与文明层面）
- **等级划分**：开发阶段（探索期、基建期、融合期、升维期）；魔法科学化水平（观测、解析、应用、创造、本源）；个体强化等级（基于国家调配资源的全民潜力开发计划，非个人修炼）。
- **升级条件**：科研突破、资源积累、跨文明信任度、对世界规则的解析深度。
- **瓶颈设计**：魔法理论与现代物理学的统一场论难关；艾恩兰德神明信仰或世界意识的潜在反噬；大规模开发引发的生态与位面稳定性问题。
- **升级奖励**：文明整体科技树飞跃（如反重力、物质重组）、人均寿命与体质提升、开启太空时代或对多元宇宙的探索能力。

## 5. 爽点设计
- **逆袭打脸**：用工业化流水线生产的“制式附魔装备”碾压艾恩兰德大师呕心沥血打造的“传奇装备”；用“大数据魔法模型”瞬间破解古老魔法禁制，让传统魔法师怀疑人生。
- **装逼场面**：当圣光教廷审判军压境时，“昆仑研究所”基地升起能量护盾，后方火箭炮部队进行“神圣裁决式”饱和打击；在【人类联合理事会】会议上，公布部分异界生态修复技术，解决全球性环境危机，彰显负责任大国形象。
- **资源获取**：发现巨型魔晶矿脉，动用巨型盾构机与自动化傀儡进行高效、安全开采，令本地矮人叹为观止。
- **地位提升**：陈启从普通青年，成为两个世界最高联席会议的名誉主席；【禹州/中央联邦】从现实世界大国，跃升为引领两个文明走向的“灯塔文明”。
- **爽点密度**：每章展现一个“工程奇迹”、“科技碾压”或“文明碰撞的火花”。

## 6. 角色体系
- **反派设定**：
  1. 艾恩兰德保守派（腐朽贵族、狂信徒、恐惧变化的传统魔法世家）。
  2. 现实世界贪婪的跨国资本与极端民族主义势力，试图破坏合作，抢夺通道。
  3. 艾恩兰德远古毁灭文明的遗留隐患（如失控的古代魔法AI、被封印的邪神）。
- **配角团队**：【零号工程】的科学家、工程师、外交官、特种战士；艾恩兰德的开明精灵长老、矮人工匠大师、富有好奇心的人类年轻学者。
- **女性角色**：艾恩兰德的天才女魔法师（后成为魔法科学化的先驱），【零号工程】冷静果决的女指挥官，智慧温柔的精灵外交官。感情线含蓄，服务于共同事业。
- **势力分布**：现实世界（【禹州/中央联邦】主导的合作联盟 vs 其他竞争性大国集团）；艾恩兰德（新兴的“文明联合体” vs 传统王国与教廷联盟 vs 中立种族势力）。

## 7. 次要情节
- **支线任务**：探索古代精灵遗迹，获取失落的环境调和魔法，用于治理现实世界污染。
- **势力斗争**：在艾恩兰德，扶持改革派王子登基，进行封建制度改良。
- **修炼秘境**：联合开发“元素潮汐”秘境，将其改造为安全的全民体质强化与科研基地。
- **宝物争夺**：与本地势力合作竞拍“世界树种子”，最终通过提供“人工生态穹顶技术”共享培育成果。

## 8. 关键事件
- **金手指觉醒**：陈启首次穿越，确认能力可控制。
- **第一次打脸**：用高压电击枪制服一头中级魔兽，让随行的本地向导目瞪口呆。
- **重大危机**：通道因未知能量干扰出现不稳定，两国顶尖科学家联合攻关，最终结合魔法阵与现代量子稳定技术解决，深化了信任。
- **境界突破**：首次实现“人造魔晶”的稳定合成，能源问题取得革命性突破。
- **势力崛起**：“文明联合体”正式成立，颁布第一部跨文明法典。
- **复仇情节**：挫败跨国财团策划的、旨在绑架陈启的阴谋，并依法进行全球追缉与清算。
- **终极对决**：并非战争，而是共同应对被远古文明封印的“世界吞噬者”概念体，通过调动两个世界的物质、能量与文明信念，成功将其重新封印并转化为可利用的“规则能源”。

## 9. 风格与节奏
- **叙述风格**：宏观与微观结合，既有国家战略层面的运筹帷幄，也有具体项目攻关的细节展现。语言扎实，数据详实，营造“硬核开发”的真实感与爽感。
- **节奏把控**：以一个个“工程项目”、“科研突破”、“外交胜利”为节点，快速推进，避免日常琐碎。
- **场景转换**：在两个世界间自然切换，对比强烈，突出文明差异与融合进程。
- **描写重点**：大型工程建设场面、跨文明会议上的智慧交锋、新技术/新武器首次实战的震撼效果。

## 10. 市场定位
- **同类作品**：参考《绑架全人类》、《异界征服手册》的国家开发流，但更强调系统性、科学性与合作共赢。
- **差异化**：摒弃个人武力至上和掠夺殖民思想，主打“集体智慧”、“文明互鉴”和“可持续发展”，符合新时代价值观。
- **读者期待**：满足读者对“如果国家得到金手指会怎么做”的好奇心，享受降维打击和基建狂魔的快感，同时感受到大国担当的豪情。
- **连载规划**：篇幅可长达数百万字，从秘密开发到半公开，再到应对宇宙级危机，剧情层次丰富，适合长期连载。
【故事模型】


## 所属卷纲内容
【卷纲标题】绝密工程
【卷纲内容】本卷讲述陈启上交能力到‘灯塔一号’前哨站初步站稳脚跟的全过程。从个人震惊到国家（禹州/中央联邦）接手，展现国家机器的快速反应与战略远见。建立绝密基地‘昆仑’（代号），组建首批跨学科团队，完成首次异世界穿越。在艾恩兰德边缘森林建立‘灯塔一号’前哨站，进行基础测绘与资源勘探。遭遇本土生物（低阶魔兽）并成功应对，验证了初步的武力与防护手段。与最近的森林精灵村落进行首次谨慎接触，通过非暴力沟通和少量贸易建立初步信任。确定魔法能量‘玛娜’的存在，并启动基础的科学观测与分析项目。卷末以‘灯塔一号’灯火通明，成为两个世界第一个稳定连接点为象征，标志着由禹州主导的绝密工程成功迈出第一步。
【核心冲突】现代国家机器（禹州/中央联邦）的周密计划与异世界未知环境的初次碰撞。核心在于国家力量如何将个人奇迹转化为系统性、安全的科学探索，同时应对异世界初次接触带来的物理与认知风险。
【角色发展】陈启从一名普通毕业生，转变为肩负重大使命的国家工程（禹州/中央联邦主导）核心顾问，心态从最初的忐忑变得坚定。【零号工程】的核心团队（科学家、军人、外交官）从彼此陌生到形成初步默契，建立起对异世界探索的共同信念。


## 相关章纲内容

### 章纲1
【章纲标题】上交
【章纲内容】陈启，一名刚毕业的大学生，在公寓内反复验证自身能打开“门”的能力。经过激烈的思想斗争，他决定通过特殊网络渠道匿名发送一份加密报告。报告内容引起中央联邦安全部高度警觉，并立即启动最高级别的秘密调查程序。陈启被秘密带往一处安全屋，接受由多领域专家组成的联合询问和初步测试。能力被初步证实后，代号为【零号工程】的绝密计划在最高层面得到批准。一座代号“昆仑”的绝密基地被选定并开始紧急建设。陈启被授予“最高权限顾问”身份，正式成为【零号工程】的核心成员。
【核心事件】陈启通过特殊渠道上报自身拥有的异世界穿越能力。禹州中央联邦相关部门确认后，迅速启动最高绝密等级的【零号工程】。
【场景】["陈启租住的单人公寓，深夜，灯光昏暗，电脑屏幕闪烁。", "城市中一处不起眼的安全屋，内部装修简洁，配备了基础的监控设备。", "深夜的军用机场，一架没有任何标识的运输机在黑暗中滑行。"]
【角色】["陈启：普通大学毕业生，异世界穿越能力拥有者", "李卫国：中央联邦安全部高级官员，【零号工程】初期负责人"]



## 生成要求
1. **必须严格使用指定的元素名称：开门能力，不得更改或使用其他名称**
2. **必须严格基于【目标元素信息】中的【基础简介】和【原文证据】来生成**
3. 生成的设定必须与上述故事背景保持一致
4. 考虑该元素在故事中的作用和地位
5. 结合大纲中的世界观设定
6. 如果元素在卷纲/章纲中有更多描述，请整合到设定中
7. **与同批次已生成的设定保持逻辑一致性**
8. 生成完整的详细设定，包含该元素的所有相关属性

## 重要提示
- 当前要生成的元素是：【开门能力】（个人超自然能力）
- 不要生成其他不相关的元素
- 确保返回的JSON中的"name"字段值为："开门能力"

请生成详细设定：

风格要求：
根据世界观自然发挥

相关实体信息：
无相关实体信息。

请生成一个完整的能量体系设定，包含以下字段（以JSON格式返回）：
{{
    "name": "能量体系名称",
    "energy_type": "能量类型（魔法/斗气/灵气/科技/混合）",
    "description": "能量体系描述",
    "source": "能量来源",
    "acquisition_method": "获取方式",
    "storage_method": "储存方式",
    "usage_limitations": "使用限制",
    "common_applications": "常见应用",
    "rarity": "稀有度（常见/稀有/传说）",
    "stability": "稳定性（稳定/不稳定/波动）",
    "interaction_with_other_energies": "与其他能量交互",
    "cultivation_method": "修炼方法",
    "typical_manifestations": "典型表现形式"
}}
