=== STREAM_AI_RESPONSE ===
Data: ```json
{
  "characters": [
    {
      "id": "char_001",
      "name": "陈启",
      "type": "超能力者/核心顾问",
      "brief": "一名刚毕业的普通大学生，在个人公寓内发现自己并反复验证了能够打开“门”的独特能力。经过激烈的思想斗争后，他选择通过特殊网络渠道匿名上报。在被秘密调查并确认能力后，他成为绝密【零号工程】的核心成员，并被授予“最高权限顾问”身份。性格上，从独自验证到最终选择上报，展现出谨慎、挣扎、最终具有责任感的一面。他是整个故事和【零号工程】的绝对起点与核心。",
      "importance_level": 10
    },
    {
      "id": "char_002",
      "name": "李卫国",
      "type": "政府高级官员/项目负责人",
      "brief": "禹州中央联邦安全部的高级官员。在接到关于陈启能力的匿名报告后，他表现出高度的警觉性和决断力，迅速推动启动了最高级别的秘密调查程序。他是【零号工程】初期的负责人，直接负责将陈启从安全屋转移到绝密基地的整个过程，展现了其在国家机密事务处理中的核心领导地位。",
      "importance_level": 8
    }
  ],
  "locations": [
    {
      "id": "loc_001",
      "name": "陈启的租住公寓",
      "type": "私人住所",
      "brief": "陈启租住的单人公寓，故事开始的地点。深夜时分，灯光昏暗，只有电脑屏幕闪烁。正是在这个私密且普通的环境里，陈启首次验证并确认了自己打开“门”的能力，并做出了上报的重大决定。",
      "importance_level": 7
    },
    {
      "id": "loc_002",
      "name": "城市中的安全屋",
      "type": "秘密设施",
      "brief": "位于城市中一处不起眼地点的安全屋，内部装修简洁，配备了基础的监控设备。陈启在被秘密带走后首先被带到这里，接受由多领域专家组成的联合询问和初步能力测试，是能力被官方初步证实的关键场所。",
      "importance_level": 6
    },
    {
      "id": "loc_003",
      "name": "深夜的军用机场",
      "type": "交通枢纽/军事设施",
      "brief": "一个在深夜运行的军用机场，一架没有任何标识的运输机在黑暗中滑行。这个场景暗示了陈启在初步测试后，被以高度机密的方式转移至更核心的绝密地点（如“昆仑”基地），是连接初期调查与正式工程启动的关键中转点。",
      "importance_level": 5
    }
  ],
  "factions": [
    {
      "id": "fact_001",
      "name": "禹州中央联邦安全部",
      "type": "国家政府部门",
      "brief": "禹州中央联邦下属的负责国家安全事务的核心部门。在接收到陈启通过特殊网络渠道发送的加密报告后，该部门表现出极高的专业性和警觉性，立即启动最高级别的秘密调查程序，是【零号工程】得以启动的官方发起和执行机构之一。",
      "importance_level": 8
    },
    {
      "id": "fact_002",
      "name": "零号工程",
      "type": "国家绝密计划/项目",
      "brief": "在最高层面得到批准的绝密计划，代号为【零号工程】。该工程因陈启上报的异世界穿越能力而设立，是故事中当前已知最高等级、最核心的国家机密项目。其目标是研究、控制和利用“门”的能力及其背后的异世界。陈启被授予“最高权限顾问”身份，成为该工程的核心成员。",
      "importance_level": 9
    },
    {
      "id": "fact_003",
      "name": "昆仑基地",
      "type": "绝密军事/科研基地",
      "brief": "代号为“昆仑”的绝密基地。在【零号工程】获批后，该基地被选定并开始紧急建设，将成为工程的核心运作地点。其命名“昆仑”带有浓重的东方神话色彩和战略性寓意，暗示其地位崇高、隐秘且至关重要，是未来开展异世界探索研究的核心设施。",
      "importance_level": 8
    }
  ],
  "items": [
    {
      "id": "item_001",
      "name": "加密报告",
      "type": "信息载体/文件",
      "brief": "陈启通过特殊网络渠道匿名发送的一份报告，内容是关于其自身拥有的打开“门”的能力。这份报告是引发整个后续事件的直接导火索，其内容引起了中央联邦安全部的高度警觉。",
      "importance_level": 7
    },
    {
      "id": "item_002",
      "name": "无标识运输机",
      "type": "载具",
      "brief": "出现在深夜军用机场，没有任何标识的运输机。用于在绝密状态下转运关键人物（陈启），体现了相关行动的高度保密性和军事化色彩。",
      "importance_level": 4
    },
    {
      "id": "item_003",
      "name": "监控设备",
      "type": "科技产品",
      "brief": "安全屋内配备的基础监控设备，用于在询问和测试过程中监控陈启的状态和环境，确保安全与信息收集。",
      "importance_level": 3
    }
  ],
  "dimensions": [
    {
      "id": "dim_001",
      "name": "门（所连接的异世界）",
      "type": "空间通道/未知位面",
      "brief": "陈启能力所打开的对象，被简称为“门”。这扇“门”连接着主角所在的现实世界与一个或多个未知的异世界。它是整个故事超自然设定的核心，是【零号工程】成立的根本原因。目前关于“门”另一侧的具体情况（如环境、文明、生物）尚未在文本中揭示，但其存在本身已颠覆了已知物理规则，并引发了国家层面的最高等级关注和行动。",
      "importance_level": 10
    }
  ],
  "regions": [
    {
      "id": "reg_001",
      "name": "禹州中央联邦",
      "type": "国家/政治实体",
      "brief": "故事背景中主角陈启所属的国家或联邦政体。从“中央联邦安全部”的名称推断，这可能是一个实行联邦制的中央集权国家，拥有强大的国家机器和高效的秘密行动能力，能够迅速启动像【零号工程】这样的绝密计划。",
      "importance_level": 7
    }
  ],
  "celestial_bodies": [],
  "natural_laws": [
    {
      "id": "law_001",
      "name": "“门”的开启与存在规则",
      "type": "超自然/空间规则",
      "brief": "由陈启的能力所展现出的、超越常规物理认知的世界规则。核心是可以通过特定方式（目前仅知陈启个人能办到）打开连接不同世界或维度的稳定通道（“门”）。这一规则的存在，暗示该世界的基础物理框架允许跨维度交互，打破了单一宇宙的常识，是构建整个故事科幻/奇幻基调的基石。",
      "importance_level": 9
    }
  ],
  "energy_systems": [
    {
      "id": "ener_001",
      "name": "开门能力",
      "type": "个人超自然能力",
      "brief": "陈启所拥有的独特超自然能力。目前表现为能够自主打开并（可能）控制通往异世界的“门”。该能力的来源、原理、限制条件（如消耗、冷却时间、距离等）以及是否可复制或学习，在文本中尚未详细说明，但已被国家层面的专家初步测试证实。这是当前已知的唯一超自然能量体系表现，是整个故事矛盾和发展的核心驱动力。",
      "importance_level": 10
    }
  ],
  "civilizations": [
    {
      "id": "civ_001",
      "name": "禹州中央联邦文明",
      "type": "近现代/信息时代国家文明",
      "brief": "主角陈启所处的文明，从文本中出现的“大学毕业生”、“电脑”、“加密报告”、“安全部”、“军用机场”、“绝密工程”等元素推断，这是一个科技水平相当于或略高于现实世界近现代的信息时代文明。其政治体制为中央联邦制，拥有高度发达的国家行政、安全与科研体系，能够对超自然现象做出迅速、有力且高度组织化的反应，展现出强大的资源动员和保密能力。",
      "importance_level": 8
    },
    {
      "id": "civ_002",
      "name": "未知异世界文明",
      "type": "未知",
      "brief": "通过陈启的“门”所连接的未知世界可能存在的文明。目前没有任何具体信息，其存在本身是基于“门”另一端是“异世界”的合理推测。该文明的性质（原始/先进、友好/敌对、类人/异形）、发展阶段和形态，将是【零号工程】未来探索的核心悬念和潜在冲突来源。",
      "importance_level": 6
    }
  ],
  "social_classes": [],
  "political_systems": [
    {
      "id": "polsys_001",
      "name": "禹州中央联邦政治体系",
      "type": "联邦制中央集权",
      "brief": "从“禹州中央联邦”及“中央联邦安全部”的名称推断，该政治体系结合了联邦制（可能存在多个州或邦）与中央集权的特点。最高决策层（“最高层面”）拥有绝对权威，能够快速批准【零号工程】这样的绝密计划。安全部等强力部门直接向中央负责，执行力强，保密等级高，显示出一种高效、集中、注重安全与控制的治理模式。",
      "importance_level": 7
    }
  ],
  "economic_systems": [],
  "cultural_customs": [],
  "historical_eras": [],
  "historical_events": [
    {
      "id": "event_001",
      "name": "陈启上报与零号工程启动",
      "type": "秘密历史转折点",
      "brief": "由陈启上报自身超能力所直接引发的一系列连锁事件。包括：加密报告引起安全部警觉、陈启被秘密调查、能力被初步证实、最高层面批准【零号工程】、昆仑基地开始建设。这一事件标志着该世界人类文明首次正式确认并开始系统性接触超自然维度力量，是一个具有划时代意义的秘密历史转折点，将可能彻底改变文明的发展轨迹。",
      "importance_level": 9
    }
  ],
  "historical_figures": [],
  "relations": [
    {
      "id": "rel_001",
      "name": "陈启隶属于零号工程",
      "type": "核心成员关系",
      "brief": "在能力被证实后，陈启被授予“最高权限顾问”身份，正式成为【零号工程】的核心成员。他是工程存在的基石和最主要的研究对象/合作者，与工程是深度绑定、相互依存的关系。",
      "importance_level": 9
    },
    {
      "id": "rel_002",
      "name": "李卫国领导零号工程（初期）",
      "type": "领导关系",
      "brief": "李卫国作为中央联邦安全部高级官员，是【零号工程】初期的负责人。他代表国家力量直接领导和管理该绝密计划，负责协调资源、人员并确保项目推进，是连接国家意志与具体工程执行的关键人物。",
      "importance_level": 7
    },
    {
      "id": "rel_003",
      "name": "安全部发起并监管零号工程",
      "type": "发起与监管关系",
      "brief": "禹州中央联邦安全部是【零号工程】的发起者和初期主要监管执行部门。该部门接收报告、启动调查、并推动工程立项，体现了国家机器对超常事件的处理流程和绝对控制力。",
      "importance_level": 8
    },
    {
      "id": "rel_004",
      "name": "昆仑基地服务于零号工程",
      "type": "设施隶属关系",
      "brief": "代号“昆仑”的绝密基地是为【零号工程】而紧急选建的核心设施。它是工程未来开展研究、实验和可能行动的主要物理场所，完全隶属于并服务于【零号工程】的目标。",
      "importance_level": 7
    }
  ]
}
```
=== STREAM_INPUT_PROMPT ===
Data: 请分析以下故事内容片段（章纲《上交》），提取其中的世界观设定元素。

## 分析要求
- 策略：基于文本进行合理推断和补充
- 需要提取：角色（姓名、身份、性格、能力等）, 地点场景（城市、建筑、自然景观等）, 组织势力（门派、国家、组织、机构等）, 物品资源（武器、法宝、道具、信息载体等）, world_architecture, 能量体系（力量等级、修炼体系、超自然能力等）, 文明体系（文明类型、发展阶段、人口规模、政治体制等）, 社会阶层（贵族、平民、奴隶等不同阶层及其特权和义务）, 政治体系（政府类型、权力结构、决策流程等）, 经济体系（货币名称、经济模式、贸易体系等）, 文化习俗（节日、礼仪、禁忌、传统等）, timeline_events, 关系网络（角色与组织关系、组织间关系等）

## 只返回以下类型，禁止返回其他类型（共18种）：
  1. characters - 角色：具体的人，有姓名、身份、性格
  2. locations - 地点场景：具体的地点，如城市、建筑、房间，道路
  3. factions - 组织势力：组织、机构、国家、政府、部门、门派、计划项目（如"零号工程"、"昆仑基地"是组织不是地点）
  4. items - 物品资源：具体的物品、武器、情报、载具、文件
  5. dimensions - 维度/位面：独立的世界、位面、空间维度、平行世界
  6. regions - 地理区域：大陆、国家、地区、领地、地理分区
  7. celestial_bodies - 天体：星球、恒星、卫星、星系等天体及其属性
  8. natural_laws - 自然法则：物理法则、魔法规则、世界规则
  9. energy_systems - 能量体系：力量等级、修炼体系、超自然能力
  10. civilizations - 文明体系：文明类型、发展阶段、人口规模、政治体制、经济体制等
  11. social_classes - 社会阶层：贵族、平民、奴隶等不同阶层及其特权和义务
  12. political_systems - 政治体系：政府类型、权力结构、决策流程、继承制度等
  13. economic_systems - 经济体系：货币名称、经济模式、贸易体系、税收系统等
  14. cultural_customs - 文化习俗：节日、礼仪、禁忌、传统、宗教等
  15. historical_eras - 历史纪元：时代、纪年、重要历史时期
  16. historical_events - 历史事件：战争、革命、发明、灾难等具体事件
  17. historical_figures - 历史人物：重要的历史人物、领袖、英雄等
  18. relations - 关系网络：人与组织的关系、组织间的关系
- 关键区分：
  1. "国家/政府/部门" → factions（不是 locations）
  2. "绝密基地/秘密设施" → factions（如果是组织）或 locations（如果是具体地点）
  3. "计划/工程/项目" → factions（如"零号工程"）
  4. "世界/维度/空间通道" → dimensions（不是 world_architecture）
  5. "大陆/地区/领地/国家" → regions
  6. "星球/恒星/卫星/星系" → celestial_bodies
  7. "物理法则/魔法规则/世界规则" → natural_laws
  8. "能力/超自然能力/魔法/修炼体系" → energy_systems（不是 items）
  9. "门/传送门/空间门" → dimensions（如果是空间通道）或 energy_systems（如果是能力）
  10. "贵族/平民/奴隶/阶层" → social_classes（不是 civilizations）
  11. "节日/婚礼/葬礼/礼仪" → cultural_customs
  12. "货币/工资/税收/贸易" → economic_systems
  13. "时代/纪年/历史时期" → historical_eras
  14. "战争/革命/发明/灾难" → historical_events
  15. "历史人物/领袖/英雄" → historical_figures

## 内容片段
```
【章纲标题】上交
【章纲内容】陈启，一名刚毕业的大学生，在公寓内反复验证自身能打开“门”的能力。经过激烈的思想斗争，他决定通过特殊网络渠道匿名发送一份加密报告。报告内容引起中央联邦安全部高度警觉，并立即启动最高级别的秘密调查程序。陈启被秘密带往一处安全屋，接受由
=== STREAM_PARSED_RESULT ===
Data: {
  "characters": [
    {
      "id": "char_001",
      "name": "陈启",
      "type": "超能力者/核心顾问",
      "brief": "一名刚毕业的普通大学生，在个人公寓内发现自己并反复验证了能够打开“门”的独特能力。经过激烈的思想斗争后，他选择通过特殊网络渠道匿名上报。在被秘密调查并确认能力后，他成为绝密【零号工程】的核心成员，并被授予“最高权限顾问”身份。性格上，从独自验证到最终选择上报，展现出谨慎、挣扎、最终具有责任感的一面。他是整个故事和【零号工程】的绝对起点与核心。",
      "importance_level": 10
    },
    {
      "id": "char_002",
      "name": "李卫国",
      "type": "政府高级官员/项目负责人",
      "brief": "禹州中央联邦安全部的高级官员。在接到关于陈启能力的匿名报告后，他表现出高度的警觉性和决断力，迅速推动启动了最高级别的秘密调查程序。他是【零号工程】初期的负责人，直接负责将陈启从安全屋转移到绝密基地的整个过程，展现了其在国家机密事务处理中的核心领导地位。",
      "importance_level": 8
    }
  ],
  "locations": [
    {
      "id": "loc_001",
      "name": "陈启的租住公寓",
      "type": "私人住所",
      "brief": "陈启租住的单人公寓，故事开始的地点。深夜时分，灯光昏暗，只有电脑屏幕闪烁。正是在这个私密且普通的环境里，陈启首次验证并确认了自己打开“门”的能力，并做出了上报的重大决定。",
      "importance_level": 7
    },
    {
      "id": "loc_002",
      "name": "城市中的安全屋",
      "type": "秘密设施",
      "brief": "位于城市中一处不起眼地点的安全屋，内部装修简洁，配备了基础的监控设备。陈启在被秘密带走后首先被带到这里，接受由多领域专家组成的联合询问和初步能力测试，是能力被官方初步证实的关键场所。",
      "importance_level": 6
    },
    {
      "id": "loc_003",
      "name": "深夜的军用机场",
      "type": "交通枢纽/军事设施",
      "brief": "一个在深夜运行的军用机场，一架没有任何标识的运输机在黑暗中滑行。这个场景暗示了陈启在初步测试后，被以高度机密的方式转移至更核心的绝密地点（如“昆仑”基地），是连接初期调查与正式工程启动的关键中转点。",
      "importance_level": 5
    }
  ],
  "factions": [
    {
      "id": "fact_001",
      "name": "禹州中央联邦安全部",
      "type": "国家政府部门",
      "brief": "禹州中央联邦下属的负责国家安全事务的核心部门。在接收到陈启通过特殊网络渠道发送的加密报告后，该部门表现出极高的专业性和警觉性，立即启动最高级别的秘密调查程序，是【零号工程】得以启动的官方发起和执行机构之一。",
      "importance_level": 8
    },
    {
      "id": "fact_002",
      "name": "零号工程",
      "type": "国家绝密计划/项目",
      "brief": "在最高层面得到批准的绝密计划，代号为【零号工程】。该工程因陈启上报的异世界穿越能力而设立，是故事中当前已知最高等级、最核心的国家机密项目。其目标是研究、控制和利用“门”的能力及其背后的异世界。陈启被授予“最高权限顾问”身份，成为该工程的核心成员。",
      "importance_level": 9
    },
    {
      "id": "fact_003",
      "name": "昆仑基地",
      "type": "绝密军事/科研基地",
      "brief": "代号为“昆仑”的绝密基地。在【零号工程】获批后，该基地被选定并开始紧急建设，将成为工程的核心运作地点。其命名“昆仑”带有浓重的东方神话色彩和战略性寓意，暗示其地位崇高、隐秘且至关重要，是未来开展异世界探索研究的核心设施。",
      "importance_level": 8
    }
  ],
  "items": [
    {
      "id": "item_001",
      "name": "加密报告",
      "type": "信息载体/文件",
      "brief": "陈启通过特殊网络渠道匿名发送的一份报告，内容是关于其自身拥有的打开“门”的能力。这份报告是引发整个后续事件的直接导火索，其内容引起了中央联邦安全部的高度警觉。",
      "importance_level": 7
    },
    {
      "id": "item_002",
      "name": "无标识运输机",
      "type": "载具",
      "brief": "出现在深夜军用机场，没有任何标识的运输机。用于在绝密状态下转运关键人物（陈启），体现了相关行动的高度保密性和军事化色彩。",
      "importance_level": 4
    },
    {
      "id": "item_003",
      "name": "监控设备",
      "type": "科技产品",
      "brief": "安全屋内配备的基础监控设备，用于在询问和测试过程中监控陈启的状态和环境，确保安全与信息收集。",
      "importance_level": 3
    }
  ],
  "dimensions": [
    {
      "id": "dim_001",
      "name": "门（所连接的异世界）",
      "type": "空间通道/未知位面",
      "brief": "陈启能力所打开的对象，被简称为“门”。这扇“门”连接着主角所在的现实世界与一个或多个未知的异世界。它是整个故事超自然设定的核心，是【零号工程】成立的根本原因。目前关于“门”另一侧的具体情况（如环境、文明、生物）尚未在文本中揭示，但其存在本身已颠覆了已知物理规则，并引发了国家层面的最高等级关注和行动。",
      "importance_level": 10
    }
  ],
  "regions": [
    {
      "id": "reg_001",
      "name": "禹州中央联邦",
      "type": "国家/政治实体",
      "brief": "故事背景中主角陈启所属的国家或联邦政体。从“中央联邦安全部”的名称推断，这可能是一个实行联邦制的中央集权国家，拥有强大的国家机器和高效的秘密行动能力，能够迅速启动像【零号工程】这样的绝密计划。",
      "importance_level": 7
    }
  ],
  "celestial_bodies": [],
  "natural_laws": [
    {
      "id": "law_001",
      "name": "“门”的开启与存在规则",
      "type": "超自然/空间规则",
      "brief": "由陈启的能力所展现出的、超越常规物理认知的世界规则。核心是可以通过特定方式（目前仅知陈启个人能办到）打开连接不同世界或维度的稳定通道（“门”）。这一规则的存在，暗示该世界的基础物理框架允许跨维度交互，打破了单一宇宙的常识，是构建整个故事科幻/奇幻基调的基石。",
      "importance_level": 9
    }
  ],
  "energy_systems": [
    {
      "id": "ener_001",
      "name": "开门能力",
      "type": "个人超自然能力",
      "brief": "陈启所拥有的独特超自然能力。目前表现为能够自主打开并（可能）控制通往异世界的“门”。该能力的来源、原理、限制条件（如消耗、冷却时间、距离等）以及是否可复制或学习，在文本中尚未详细说明，但已被国家层面的专家初步测试证实。这是当前已知的唯一超自然能量体系表现，是整个故事矛盾和发展的核心驱动力。",
      "importance_level": 10
    }
  ],
  "civilizations": [
    {
      "id": "civ_001",
      "name": "禹州中央联邦文明",
      "type": "近现代/信息时代国家文明",
      "brief": "主角陈启所处的文明，从文本中出现的“大学毕业生”、“电脑”、“加密报告”、“安全部”、“军用机场”、“绝密工程”等元素推断，这是一个科技水平相当于或略高于现实世界近现代的信息时代文明。其政治体制为中央联邦制，拥有高度发达的国家行政、安全与科研体系，能够对超自然现象做出迅速、有力且高度组织化的反应，展现出强大的资源动员和保密能力。",
      "importance_level": 8
    },
    {
      "id": "civ_002",
      "name": "未知异世界文明",
      "type": "未知",
      "brief": "通过陈启的“门”所连接的未知世界可能存在的文明。目前没有任何具体信息，其存在本身是基于“门”另一端是“异世界”的合理推测。该文明的性质（原始/先进、友好/敌对、类人/异形）、发展阶段和形态，将是【零号工程】未来探索的核心悬念和潜在冲突来源。",
      "importance_level": 6
    }
  ],
  "social_classes": [],
  "political_systems": [
    {
      "id": "polsys_001",
      "name": "禹州中央联邦政治体系",
      "type": "联邦制中央集权",
      "brief": "从“禹州中央联邦”及“中央联邦安全部”的名称推断，该政治体系结合了联邦制（可能存在多个州或邦）与中央集权的特点。最高决策层（“最高层面”）拥有绝对权威，能够快速批准【零号工程】这样的绝密计划。安全部等强力部门直接向中央负责，执行力强，保密等级高，显示出一种高效、集中、注重安全与控制的治理模式。",
      "importance_level": 7
    }
  ],
  "economic_systems": [],
  "cultural_customs": [],
  "historical_eras": [],
  "historical_events": [
    {
      "id": "event_001",
      "name": "陈启上报与零号工程启动",
      "type": "秘密历史转折点",
      "brief": "由陈启上报自身超能力所直接引发的一系列连锁事件。包括：加密报告引起安全部警觉、陈启被秘密调查、能力被初步证实、最高层面批准【零号工程】、昆仑基地开始建设。这一事件标志着该世界人类文明首次正式确认并开始系统性接触超自然维度力量，是一个具有划时代意义的秘密历史转折点，将可能彻底改变文明的发展轨迹。",
      "importance_level": 9
    }
  ],
  "historical_figures": [],
  "relations": [
    {
      "id": "rel_001",
      "name": "陈启隶属于零号工程",
      "type": "核心成员关系",
      "brief": "在能力被证实后，陈启被授予“最高权限顾问”身份，正式成为【零号工程】的核心成员。他是工程存在的基石和最主要的研究对象/合作者，与工程是深度绑定、相互依存的关系。",
      "importance_level": 9
    },
    {
      "id": "rel_002",
      "name": "李卫国领导零号工程（初期）",
      "type": "领导关系",
      "brief": "李卫国作为中央联邦安全部高级官员，是【零号工程】初期的负责人。他代表国家力量直接领导和管理该绝密计划，负责协调资源、人员并确保项目推进，是连接国家意志与具体工程执行的关键人物。",
      "importance_level": 7
    },
    {
      "id": "rel_003",
      "name": "安全部发起并监管零号工程",
      "type": "发起与监管关系",
      "brief": "禹州中央联邦安全部是【零号工程】的发起者和初期主要监管执行部门。该部门接收报告、启动调查、并推动工程立项，体现了国家机器对超常事件的处理流程和绝对控制力。",
      "importance_level": 8
    },
    {
      "id": "rel_004",
      "name": "昆仑基地服务于零号工程",
      "type": "设施隶属关系",
      "brief": "代号“昆仑”的绝密基地是为【零号工程】而紧急选建的核心设施。它是工程未来开展研究、实验和可能行动的主要物理场所，完全隶属于并服务于【零号工程】的目标。",
      "importance_level": 7
    }
  ]
}
