=== characters_GROUPS ===
Data: {
  "original_count": 2,
  "group_count": 2,
  "groups": [
    {
      "name": "陈启",
      "size": 1
    },
    {
      "name": "李卫国",
      "size": 1
    }
  ]
}
=== locations_GROUPS ===
Data: {
  "original_count": 3,
  "group_count": 3,
  "groups": [
    {
      "name": "陈启的租住公寓",
      "size": 1
    },
    {
      "name": "城市中的安全屋",
      "size": 1
    },
    {
      "name": "深夜的军用机场",
      "size": 1
    }
  ]
}
=== factions_GROUPS ===
Data: {
  "original_count": 3,
  "group_count": 3,
  "groups": [
    {
      "name": "禹州中央联邦安全部",
      "size": 1
    },
    {
      "name": "零号工程",
      "size": 1
    },
    {
      "name": "昆仑基地",
      "size": 1
    }
  ]
}
=== items_GROUPS ===
Data: {
  "original_count": 3,
  "group_count": 3,
  "groups": [
    {
      "name": "加密报告",
      "size": 1
    },
    {
      "name": "无标识运输机",
      "size": 1
    },
    {
      "name": "监控设备",
      "size": 1
    }
  ]
}
=== energy_systems_GROUPS ===
Data: {
  "original_count": 1,
  "group_count": 1,
  "groups": [
    {
      "name": "开门能力",
      "size": 1
    }
  ]
}
=== civilizations_GROUPS ===
Data: {
  "original_count": 2,
  "group_count": 2,
  "groups": [
    {
      "name": "禹州中央联邦文明",
      "size": 1
    },
    {
      "name": "未知异世界文明",
      "size": 1
    }
  ]
}
=== political_systems_GROUPS ===
Data: {
  "original_count": 1,
  "group_count": 1,
  "groups": [
    {
      "name": "禹州中央联邦政治体系",
      "size": 1
    }
  ]
}
=== relations_GROUPS ===
Data: {
  "original_count": 4,
  "group_count": 4,
  "groups": [
    {
      "name": "陈启隶属于零号工程",
      "size": 1
    },
    {
      "name": "李卫国领导零号工程（初期）",
      "size": 1
    },
    {
      "name": "安全部发起并监管零号工程",
      "size": 1
    },
    {
      "name": "昆仑基地服务于零号工程",
      "size": 1
    }
  ]
}
