=== Generation Output: 陈启 ===
Raw response length: 6667
Raw response:
```json
{
    "name": "陈启",
    "race": "人类",
    "gender": "男",
    "age": 25,
    "description": "禹州/中央联邦普通理工科大学毕业生，在个人公寓内发现并验证了能够稳定开启通往异世界“艾恩兰德”空间门的能力。经过激烈思想斗争后，他选择通过特殊网络渠道匿名上报。能力被国家秘密确认后，成为绝密【零号工程】的核心成员，被授予“最高权限顾问”身份。他是连接两个世界的唯一固定坐标，也是整个文明开发计划的绝对起点与象征性核心。",
    "appearance": "身高约178厘米，体型偏瘦但结实，黑发黑瞳，典型的禹州青年样貌。面容清秀，戴一副黑框近视眼镜（后来在基地更换为特制的防冲击护目镜）。平时穿着朴素，常穿深色T恤和牛仔裤。在【零号工程】基地内，通常穿着特制的深灰色顾问制服，左胸佩戴着象征最高权限的银色徽章——一枚简约的世界树与齿轮交织图案。",
    "appearance_age": 25,
    "distinguishing_features": "1. 眼神冷静而专注，在思考时会习惯性推眼镜。\n2. 右手掌心有一道极淡的、几乎看不见的银色弧形印记——这是他能力觉醒时留下的痕迹，只有在他集中精神开启“门”时会微微发光。\n3. 左腕佩戴特制生命体征监测手环，与昆仑基地中央控制系统直连。\n4. 制服上的银色最高权限徽章，在基地内拥有仅次于工程总指挥的通行权限。",
    "personality": "【谨慎理性】在发现能力后进行了长达数周的反复验证与记录，确保不是幻觉或偶然现象后才决定行动。\n【责任感强】尽管最初恐惧于自身处境，但最终选择上报，源自“这种力量不该由个人独占”的朴素信念。\n【大局观】能跳出个人得失，理解国家系统性开发异世界的战略意义，并积极配合。\n【适应性】从普通毕业生到核心顾问的身份转变中，表现出快速学习与心理调适能力。\n【内在挣扎】偶尔会在独处时流露出对平凡生活的怀念，以及对自身成为“桥梁”这一命运的重压感。",
    "background": "出生于禹州一个普通工薪家庭，独生子。父母均为国企工程师，家庭氛围开明且重视教育。从小成绩优异，尤其擅长数学与物理，高考后进入国内顶尖理工大学攻读材料科学与工程专业。大学期间性格内向但踏实，参与过数个校级科研项目，培养了严谨的实验思维。毕业后原本计划进入一家研究机构工作，但在等待入职期间，于租住的公寓内首次意外触发了“开门”能力。",
    "character_arc": "**第一卷《绝密工程》弧线**：从惊恐不安地验证超能力的普通毕业生 → 经历道德挣扎后选择信任国家的上报者 → 接受严密测试与询问的被调查对象 → 被授予重任、心态逐渐坚定的“最高权限顾问” → 见证并参与“灯塔一号”前哨站建立的文明桥梁。\n**长期弧线**：预计将从工程的“核心工具”逐渐成长为能参与战略决策的“文明使者”，在两个世界的融合进程中不断深化对自身使命的理解，最终可能面临“成为纯粹象征”还是“保留个人意志”的终极抉择。",
    "motivation": "**表层动机**：确保自身安全，并让危险而强大的能力得到最稳妥的处理。\n**深层动机**：1）渴望见证并参与一场前所未有的文明壮举；2）希望自己的“异常”能最终为人类整体带来福祉；3）潜意识里寻求一个能承载此等秘密与重压的集体归属。",
    "secrets": "1. **能力的真正起源**：陈启自己也不清楚能力为何会出现在他身上，家族并无特殊历史。这成为【零号工程】最高机密研究课题之一。\n2. **首次穿越的细节**：他第一次踏入艾恩兰德时，曾短暂听到过某种类似“低语”的声音，但此后再也未出现。他未在初次报告和询问中提及此事，因当时无法确定是真实感知还是过度紧张产生的幻听。\n3. **私下的记录**：他保留了一本纸质笔记，记录了自己从发现能力到上报前的心路历程，目前锁在昆仑基地个人宿舍的保险箱内。",
    "birthplace": "禹州，东海市",
    "nationality": "禹州/中央联邦",
    "occupation": "【零号工程】最高权限顾问（原为应届大学毕业生）",
    "faction": "禹州/中央联邦 -> 【零号工程】",
    "current_location": "绝密基地“昆仑”（代号）内部，拥有独立的顾问生活区与办公套间。大部分时间在基地内，定期通过他开启的“门”前往艾恩兰德“灯塔一号”前哨站。",
    "core_traits": "“文明的锚点”、“理性的抉择者”、“沉默的见证者”。他是两个世界物理连接的基石，其存在本身即是战略资产。特质核心在于“稳定性”与“可预测性”，这与异世界探索所需的冒险精神形成微妙对比。",
    "psychological_fear": "1. **失去自我**：害怕自己最终被完全工具化，成为一扇纯粹的“门”而丧失作为“陈启”的个人身份与自由。\n2. **引发灾难**：担忧因自身能力或国家的开发行动，无意中给两个世界带来不可挽回的伤害（如生态崩溃、文明冲突）。\n3. **连接断裂**：潜意识恐惧某天能力突然消失，导致已建立的连接中断，使投入巨大的工程和身处异世界的人员陷入绝境。",
    "values": "**科学理性**：相信任何现象，包括魔法，都应能被观测、理解和系统化。\n**集体主义**：认同个人能力应为集体利益服务，尤其是在涉及文明层级的事件中。\n**责任与担当**：认为拥有非常之力，当负非常之责。\n**和平与发展**：倾向于通过合作、研究与共赢来解决文明碰撞，反对掠夺与殖民思维。",
    "growth_experience": "1. **童年与求学**：标准且平顺的成长轨迹，培养了扎实的知识基础与逻辑思维。\n2. **能力觉醒（23岁）**：毕业前夕在公寓独处时首次触发，经历了震惊、怀疑、恐惧到强迫自己冷静验证的过程。\n3. **孤独验证期（3周）**：秘密进行数十次穿越测试，记录数据，分析规律，同时承受巨大的心理压力。\n4. **抉择与上报**：经历数个不眠之夜，最终在国家安全部设立的匿名举报渠道页面按下了发送键。\n5. **调查与接纳**：在安全屋接受询问与测试，感受到国家机器的专业与高效，逐渐从戒备转为配合。\n6. **成为顾问**：正式加入【零号工程】，接受基础培训，参与首次科考队穿越，见证“灯塔一号”建立。",
    "important_turning_points": "1. **第一次成功控制“门”的开启与关闭**：意识到这不是偶然，而是可控制的超能力。\n2. **决定上报的那一刻**：放弃个人隐藏秘密的可能，选择将命运交予国家。\n3. **在安全屋听到【零号工程】获批的消息**：真实感受到自己的命运已与国运绑定。\n4. **首次以顾问身份，引领科考队正式穿越**：从“能力者”转变为“引路人”，角色发生根本性转变。\n5. **目睹“灯塔一号”的灯光在异世界森林中亮起**：切身感受到自己开启的“门”所带来的宏大历史进程。",
    "psychological_trauma": "目前尚不明显，但潜在创伤可能源于：1）能力觉醒初期长期的孤独与恐惧；2）意识到自己再也无法回归完全“普通”的生活；3）未来可能目睹因穿越行动导致的伤亡或冲突。目前基地心理评估组将其列为重点观察与支持对象。",
    "physical_abilities": "普通青年男性水平，身体健康，无特殊训练背景。进入【零号工程】后，开始接受定制的体能训练（以提高在异世界的生存适应能力）和轻度军事化纪律训练，体能稳步提升。",
    "intelligence_perception": "**智力**：优秀。具备扎实的理工科思维，逻辑清晰，学习能力强。虽非顶尖天才，但善于理解和整合跨学科知识。\n**感知**：1）对空间和几何关系有良好直觉，这可能与能力相关；2）情绪感知敏锐，能察觉他人对自己的微妙态度；3）在艾恩兰德时，对环境中“玛娜”的流动有模糊的、类似第六感的体察，但无法精确描述或测量。",
    "special_talents": "1. **空间锚定**：核心天赋，能够以自身为坐标，在两个世界间建立稳定连接。\n2. **通道稳定与控制**：能凭意志开启、维持、调整通道大小（目前有上限）并精准关闭。通道稳定性随其专注度与精神状态波动。\n3. **跨规则适应性**：其身体似乎能自然适应两个世界不同的物理/魔法规则，穿越时无明显不适。\n4. **快速学习**：在工程团队协助下，正快速吸收关于异世界生态、基础魔法理论、外交礼仪等新知识。",
    "current_level": "【零号工程】最高权限顾问（身份等级）；能力处于“稳定应用期”，通道最大可稳定维持直径约3米圆形，持续时间与其体能和精神专注度正相关（目前极限约连续8小时）。",
    "special_abilities": "**核心能力：【开门】**（详细设定见同批次“开门能力”条目）\n- **主动开启**：可在现实世界任意位置（目前主要在昆仑基地特制“穿越大厅”）开启通往艾恩兰德固定坐标点（目前为“灯塔一号”前哨站中心）的稳定空间通道。\n- **双向通行**：通道允许物质与信息双向通过。\n- **坐标绑定**：通道另一端始终绑定于艾恩兰德特定空间坐标，该坐标由陈启首次成功穿越的地点决定，目前可通过复杂仪式（结合现代定位技术）进行极其缓慢的微调。\n- **唯一性**：目前仅陈启能开启此特定通道。",
    "ability_levels": "**通道稳定性**：A级（在基地理想环境下近乎完美）\n**通道规模**：C级（直径3米，可缓慢成长）\n**开启精度**：B级（端点坐标稳定，开启位置可控）\n**精神负荷**：C级（长时间维持会感到疲劳）\n**成长性**：已确认能力可随使用和时间缓慢增强，具体成长规律为工程最高研究课题之一。",
    "ability_limits": "1. **个人依赖**：通道的存在完全依赖于陈启的意识和生命活动。他失去意识或死亡，通道会立即中断。\n2. **规模限制**：当前最大通道尺寸限制了大型装备的整体通过，需要拆卸或设计专门的可拆解方案。\n3. **精神消耗**：维持通道需要持续专注，长时间或高强度使用会导致精神疲劳、头痛。\n4. **坐标固定性**：艾恩兰德端出口位置移动极其困难，目前基本固定于“灯塔一号”。\n5. **未知干扰**：对高强度魔法能量场、极端空间扭曲等现象的干扰抵抗能力未知。",
    "growth_path": "**短期（第一卷）**：适应顾问角色，协助工程初期建设，确保通道稳定，学习基础知识。\n**中期**：随着通道规模可能扩大，参与更复杂的开发项目；可能尝试对能力进行更深入的主动控制或开发衍生应用（如短距离瞬移？）；作为桥梁参与两个世界的外交与文化交流。\n**长期**：能力可能进化，或揭示其更深层奥秘；个人可能成为两个文明融合的象征性领袖或精神纽带；最终状态可能是“人”与“门”概念的某种升华或结合。",
    "common_equipment": "1. **特制顾问制服**：内置生命监测、定位、紧急求救信号发射器，具备基础防刺、防火星功能。\n2. **加密通讯器**：直连工程指挥中心及前哨站。\n3. **多功能战术平板**：集成环境传感器、资料库、地图与任务系统。\n4. **标准应急包**：包括医疗用品、高能食品、水、信号棒、基础工具。",
    "special_items": "1. **最高权限徽章**：不仅是身份象征，也是基地及前哨站绝大多数门禁、系统的通行证。\n2. **个人生命监测手环**：数据直传中央控制系统，一旦异常会触发最高级别警报。\n3. **“钥匙”原型机（测试中）**：工程团队尝试开发的一种辅助设备，旨在降低陈启维持通道的精神负荷，或记录通道开启的“频率”参数，目前处于极早期实验阶段。",
    "personal_items": "1. **旧笔记本电脑**：存有他最初验证能力时的原始数据记录和心路日记（已加密并物理隔离）。\n2. **家庭合影**：与父母在大学毕业时的合照。\n3. **几本理工科经典教材和科幻小说**：用于闲暇时阅读。\n4. **那本纸质秘密笔记**。",
    "key_items": "**陈启本人**即是【零号工程】最关键、不可替代的“物品”。",
    "family_members": "父亲：陈建国（58岁，退休工程师）；母亲：王秀兰（55岁，退休工程师）。",
    "family_background": "典型城市工薪阶层知识分子家庭。父母正直、爱国，对陈启的教育偏向于培养独立思考和责任感。目前，根据保密协议，陈启的父母被告知他参与了一项“长期海外保密科研项目”，通讯受到严格管制但定期，由国家相关部门妥善安抚与照顾。",
    "close_friends": "大学时期有两三位关系较好的同学，但毕业后联系渐少。目前最密切的人际关系集中于【零号工程】团队内部。",
    "mentor_student": "**非正式导师**：\n- **李卫国（工程初期负责人）**：在初期调查与接触中，以其沉稳、专业且不失人情味的态度，赢得了陈启的初步信任，是陈启接触国家力量的第一个窗口。\n- **数位首席科学家**：在各自领域为陈启提供知识补充，帮助他理解工程的科学意义。\n陈启目前尚无正式学生，但其存在本身即是所有新加入工程成员需要理解的第一课。",
    "colleagues": "【零号工程】全体成员，包括：\n+ **科学团队**：各领域专家，对陈启的能力充满研究热情，但严格遵守纪律，将其视为重要合作者而非实验对象。\n+ **军事与安保团队**：负责陈启及通道的绝对安全，态度严谨专业，逐渐建立起互信。\n+ **工程与后勤团队**：确保基地与前哨站运行，将陈启视为关键基础设施的“维护核心”。\n+ **外交与人文团队**：正在组建，未来将与陈启密切合作处理异世界接触事务。\n陈启与同事关系总体良好，但因其身份特殊，存在一定的距离感与保护性隔离。",
    "grudges": "目前无个人仇敌。潜在敌对势力视他为必须控制或清除的关键目标，但他本人尚未直接面对。",
    "love_relationships": "目前无。大学期间有过短暂恋情，因毕业去向不同而和平分手。工程内部纪律及他自身的特殊身份，使得发展私人感情极为复杂且敏感。未来可能与艾恩兰德或工程内部的女性角色产生基于共同理想与经历的情感羁绊，但会极为含蓄并服从于大局。",
    "complex_emotions": "1. **对父母的愧疚与思念**：无法告知真相，只能用谎言维系联系。\n2. **对平凡生活的怀念与疏离**：深知自己已永远告别过去，偶尔感到孤独。\n3. **对自身价值的矛盾**：一方面深知自己的不可或缺，另一方面又担心自己除了“开门”外别无他用。\n4. **对国家机器的敬畏与依赖**：感激国家提供的保护与平台，但也时刻感受到庞大体系带来的无形压力。",
    "unrequited_love": "无。",
    "emotional_changes": "**初期（觉醒-上报）**：震惊→恐惧→孤独→挣扎→决意。\n**接触期（调查-加入）**：紧张戒备→观察评估→初步信任→责任认同。\n**当前（第一卷末）**：心态趋于稳定，责任感压倒不安，对工程产生归属感与使命感，偶尔因思乡或压力产生情绪波动，但能通过自我调节和基地心理支持系统恢复。情感底色从“个人命运的惶恐”逐渐转向“见证历史的沉重与激动”交织。"
}
```
Parsed result: {
  "success": true,
  "data": {
    "name": "陈启",
    "race": "人类",
    "gender": "男",
    "age": "25",
    "description": "禹州/中央联邦普通理工科大学毕业生，在个人公寓内发现并验证了能够稳定开启通往异世界“艾恩兰德”空间门的能力。经过激烈思想斗争后，他选择通过特殊网络渠道匿名上报。能力被国家秘密确认后，成为绝密【零号工程】的核心成员，被授予“最高权限顾问”身份。他是连接两个世界的唯一固定坐标，也是整个文明开发计划的绝对起点与象征性核心。",
    "appearance": "身高约178厘米，体型偏瘦但结实，黑发黑瞳，典型的禹州青年样貌。面容清秀，戴一副黑框近视眼镜（后来在基地更换为特制的防冲击护目镜）。平时穿着朴素，常穿深色T恤和牛仔裤。在【零号工程】基地内，通常穿着特制的深灰色顾问制服，左胸佩戴着象征最高权限的银色徽章——一枚简约的世界树与齿轮交织图案。",
    "appearance_age": "25",
    "distinguishing_features": "1. 眼神冷静而专注，在思考时会习惯性推眼镜。\n2. 右手掌心有一道极淡的、几乎看不见的银色弧形印记——这是他能力觉醒时留下的痕迹，只有在他集中精神开启“门”时会微微发光。\n3. 左腕佩戴特制生命体征监测手环，与昆仑基地中央控制系统直连。\n4. 制服上的银色最高权限徽章，在基地内拥有仅次于工程总指挥的通行权限。",
    "personality": "【谨慎理性】在发现能力后进行了长达数周的反复验证与记录，确保不是幻觉或偶然现象后才决定行动。\n【责任感强】尽管最初恐惧于自身处境，但最终选择上报，源自“这种力量不该由个人独占”的朴素信念。\n【大局观】能跳出个人得失，理解国家系统性开发异世界的战略意义，并积极配合。\n【适应性】从普通毕业生到核心顾问的身份转变中，表现出快速学习与心理调适能力。\n【内在挣扎】偶尔会在独处时流露出对平凡生活的怀念，以及对自身成为“桥梁”这一命运的重压感。",
    "background": "出生于禹州一个普通工薪家庭，独生子。父母均为国企工程师，家庭氛围开明且重视教育。从小成绩优异，尤其擅长数学与物理，高考后进入国内顶尖理工大学攻读材料科学与工程专业。大学期间性格内向但踏实，参与过数个校级科研项目，培养了严谨的实验思维。毕业后原本计划进入一家研究机构工作，但在等待入职期间，于租住的公寓内首次意外触发了“开门”能力。",
    "character_arc": "**第一卷《绝密工程》弧线**：从惊恐不安地验证超能力的普通毕业生 → 经历道德挣扎后选择信任国家的上报者 → 接受严密测试与询问的被调查对象 → 被授予重任、心态逐渐坚定的“最高权限顾问” → 见证并参与“灯塔一号”前哨站建立的文明桥梁。\n**长期弧线**：预计将从工程的“核心工具”逐渐成长为能参与战略决策的“文明使者”，在两个世界的融合进程中不断深化对自身使命的理解，最终可能面临“成为纯粹象征”还是“保留个人意志”的终极抉择。",
    "motivation": "**表层动机**：确保自身安全，并让危险而强大的能力得到最稳妥的处理。\n**深层动机**：1）渴望见证并参与一场前所未有的文明壮举；2）希望自己的“异常”能最终为人类整体带来福祉；3）潜意识里寻求一个能承载此等秘密与重压的集体归属。",
    "secrets": "1. **能力的真正起源**：陈启自己也不清楚能力为何会出现在他身上，家族并无特殊历史。这成为【零号工程】最高机密研究课题之一。\n2. **首次穿越的细节**：他第一次踏入艾恩兰德时，曾短暂听到过某种类似“低语”的声音，但此后再也未出现。他未在初次报告和询问中提及此事，因当时无法确定是真实感知还是过度紧张产生的幻听。\n3. **私下的记录**：他保留了一本纸质笔记，记录了自己从发现能力到上报前的心路历程，目前锁在昆仑基地个人宿舍的保险箱内。",
    "birthplace": "禹州，东海市",
    "nationality": "禹州/中央联邦",
    "occupation": "【零号工程】最高权限顾问（原为应届大学毕业生）",
    "faction": "禹州/中央联邦 -> 【零号工程】",
    "current_location": "绝密基地“昆仑”（代号）内部，拥有独立的顾问生活区与办公套间。大部分时间在基地内，定期通过他开启的“门”前往艾恩兰德“灯塔一号”前哨站。",
    "core_traits": "“文明的锚点”、“理性的抉择者”、“沉默的见证者”。他是两个世界物理连接的基石，其存在本身即是战略资产。特质核心在于“稳定性”与“可预测性”，这与异世界探索所需的冒险精神形成微妙对比。",
    "psychological_fear": "1. **失去自我**：害怕自己最终被完全工具化，成为一扇纯粹的“门”而丧失作为“陈启”的个人身份与自由。\n2. **引发灾难**：担忧因自身能力或国家的开发行动，无意中给两个世界带来不可挽回的伤害（如生态崩溃、文明冲突）。\n3. **连接断裂**：潜意识恐惧某天能力突然消失，导致已建立的连接中断，使投入巨大的工程和身处异世界的人员陷入绝境。",
    "values": "**科学理性**：相信任何现象，包括魔法，都应能被观测、理解和系统化。\n**集体主义**：认同个人能力应为集体利益服务，尤其是在涉及文明层级的事件中。\n**责任与担当**：认为拥有非常之力，当负非常之责。\n**和平与发展**：倾向于通过合作、研究与共赢来解决文明碰撞，反对掠夺与殖民思维。",
    "growth_experience": "1. **童年与求学**：标准且平顺的成长轨迹，培养了扎实的知识基础与逻辑思维。\n2. **能力觉醒（23岁）**：毕业前夕在公寓独处时首次触发，经历了震惊、怀疑、恐惧到强迫自己冷静验证的过程。\n3. **孤独验证期（3周）**：秘密进行数十次穿越测试，记录数据，分析规律，同时承受巨大的心理压力。\n4. **抉择与上报**：经历数个不眠之夜，最终在国家安全部设立的匿名举报渠道页面按下了发送键。\n5. **调查与接纳**：在安全屋接受询问与测试，感受到国家机器的专业与高效，逐渐从戒备转为配合。\n6. **成为顾问**：正式加入【零号工程】，接受基础培训，参与首次科考队穿越，见证“灯塔一号”建立。",
    "important_turning_points": "1. **第一次成功控制“门”的开启与关闭**：意识到这不是偶然，而是可控制的超能力。\n2. **决定上报的那一刻**：放弃个人隐藏秘密的可能，选择将命运交予国家。\n3. **在安全屋听到【零号工程】获批的消息**：真实感受到自己的命运已与国运绑定。\n4. **首次以顾问身份，引领科考队正式穿越**：从“能力者”转变为“引路人”，角色发生根本性转变。\n5. **目睹“灯塔一号”的灯光在异世界森林中亮起**：切身感受到自己开启的“门”所带来的宏大历史进程。",
    "psychological_trauma": "目前尚不明显，但潜在创伤可能源于：1）能力觉醒初期长期的孤独与恐惧；2）意识到自己再也无法回归完全“普通”的生活；3）未来可能目睹因穿越行动导致的伤亡或冲突。目前基地心理评估组将其列为重点观察与支持对象。",
    "physical_abilities": "普通青年男性水平，身体健康，无特殊训练背景。进入【零号工程】后，开始接受定制的体能训练（以提高在异世界的生存适应能力）和轻度军事化纪律训练，体能稳步提升。",
    "intelligence_perception": "**智力**：优秀。具备扎实的理工科思维，逻辑清晰，学习能力强。虽非顶尖天才，但善于理解和整合跨学科知识。\n**感知**：1）对空间和几何关系有良好直觉，这可能与能力相关；2）情绪感知敏锐，能察觉他人对自己的微妙态度；3）在艾恩兰德时，对环境中“玛娜”的流动有模糊的、类似第六感的体察，但无法精确描述或测量。",
    "special_talents": "1. **空间锚定**：核心天赋，能够以自身为坐标，在两个世界间建立稳定连接。\n2. **通道稳定与控制**：能凭意志开启、维持、调整通道大小（目前有上限）并精准关闭。通道稳定性随其专注度与精神状态波动。\n3. **跨规则适应性**：其身体似乎能自然适应两个世界不同的物理/魔法规则，穿越时无明显不适。\n4. **快速学习**：在工程团队协助下，正快速吸收关于异世界生态、基础魔法理论、外交礼仪等新知识。",
    "current_level": "【零号工程】最高权限顾问（身份等级）；能力处于“稳定应用期”，通道最大可稳定维持直径约3米圆形，持续时间与其体能和精神专注度正相关（目前极限约连续8小时）。",
    "special_abilities": "**核心能力：【开门】**（详细设定见同批次“开门能力”条目）\n- **主动开启**：可在现实世界任意位置（目前主要在昆仑基地特制“穿越大厅”）开启通往艾恩兰德固定坐标点（目前为“灯塔一号”前哨站中心）的稳定空间通道。\n- **双向通行**：通道允许物质与信息双向通过。\n- **坐标绑定**：通道另一端始终绑定于艾恩兰德特定空间坐标，该坐标由陈启首次成功穿越的地点决定，目前可通过复杂仪式（结合现代定位技术）进行极其缓慢的微调。\n- **唯一性**：目前仅陈启能开启此特定通道。",
    "ability_levels": "**通道稳定性**：A级（在基地理想环境下近乎完美）\n**通道规模**：C级（直径3米，可缓慢成长）\n**开启精度**：B级（端点坐标稳定，开启位置可控）\n**精神负荷**：C级（长时间维持会感到疲劳）\n**成长性**：已确认能力可随使用和时间缓慢增强，具体成长规律为工程最高研究课题之一。",
    "ability_limits": "1. **个人依赖**：通道的存在完全依赖于陈启的意识和生命活动。他失去意识或死亡，通道会立即中断。\n2. **规模限制**：当前最大通道尺寸限制了大型装备的整体通过，需要拆卸或设计专门的可拆解方案。\n3. **精神消耗**：维持通道需要持续专注，长时间或高强度使用会导致精神疲劳、头痛。\n4. **坐标固定性**：艾恩兰德端出口位置移动极其困难，目前基本固定于“灯塔一号”。\n5. **未知干扰**：对高强度魔法能量场、极端空间扭曲等现象的干扰抵抗能力未知。",
    "growth_path": "**短期（第一卷）**：适应顾问角色，协助工程初期建设，确保通道稳定，学习基础知识。\n**中期**：随着通道规模可能扩大，参与更复杂的开发项目；可能尝试对能力进行更深入的主动控制或开发衍生应用（如短距离瞬移？）；作为桥梁参与两个世界的外交与文化交流。\n**长期**：能力可能进化，或揭示其更深层奥秘；个人可能成为两个文明融合的象征性领袖或精神纽带；最终状态可能是“人”与“门”概念的某种升华或结合。",
    "common_equipment": "1. **特制顾问制服**：内置生命监测、定位、紧急求救信号发射器，具备基础防刺、防火星功能。\n2. **加密通讯器**：直连工程指挥中心及前哨站。\n3. **多功能战术平板**：集成环境传感器、资料库、地图与任务系统。\n4. **标准应急包**：包括医疗用品、高能食品、水、信号棒、基础工具。",
    "special_items": "1. **最高权限徽章**：不仅是身份象征，也是基地及前哨站绝大多数门禁、系统的通行证。\n2. **个人生命监测手环**：数据直传中央控制系统，一旦异常会触发最高级别警报。\n3. **“钥匙”原型机（测试中）**：工程团队尝试开发的一种辅助设备，旨在降低陈启维持通道的精神负荷，或记录通道开启的“频率”参数，目前处于极早期实验阶段。",
    "personal_items": "1. **旧笔记本电脑**：存有他最初验证能力时的原始数据记录和心路日记（已加密并物理隔离）。\n2. **家庭合影**：与父母在大学毕业时的合照。\n3. **几本理工科经典教材和科幻小说**：用于闲暇时阅读。\n4. **那本纸质秘密笔记**。",
    "key_items": "**陈启本人**即是【零号工程】最关键、不可替代的“物品”。",
    "family_members": "父亲：陈建国（58岁，退休工程师）；母亲：王秀兰（55岁，退休工程师）。",
    "family_background": "典型城市工薪阶层知识分子家庭。父母正直、爱国，对陈启的教育偏向于培养独立思考和责任感。目前，根据保密协议，陈启的父母被告知他参与了一项“长期海外保密科研项目”，通讯受到严格管制但定期，由国家相关部门妥善安抚与照顾。",
    "close_friends": "大学时期有两三位关系较好的同学，但毕业后联系渐少。目前最密切的人际关系集中于【零号工程】团队内部。",
    "mentor_student": "**非正式导师**：\n- **李卫国（工程初期负责人）**：在初期调查与接触中，以其沉稳、专业且不失人情味的态度，赢得了陈启的初步信任，是陈启接触国家力量的第一个窗口。\n- **数位首席科学家**：在各自领域为陈启提供知识补充，帮助他理解工程的科学意义。\n陈启目前尚无正式学生，但其存在本身即是所有新加入工程成员需要理解的第一课。",
    "colleagues": "【零号工程】全体成员，包括：\n+ **科学团队**：各领域专家，对陈启的能力充满研究热情，但严格遵守纪律，将其视为重要合作者而非实验对象。\n+ **军事与安保团队**：负责陈启及通道的绝对安全，态度严谨专业，逐渐建立起互信。\n+ **工程与后勤团队**：确保基地与前哨站运行，将陈启视为关键基础设施的“维护核心”。\n+ **外交与人文团队**：正在组建，未来将与陈启密切合作处理异世界接触事务。\n陈启与同事关系总体良好，但因其身份特殊，存在一定的距离感与保护性隔离。",
    "grudges": "目前无个人仇敌。潜在敌对势力视他为必须控制或清除的关键目标，但他本人尚未直接面对。",
    "love_relationships": "目前无。大学期间有过短暂恋情，因毕业去向不同而和平分手。工程内部纪律及他自身的特殊身份，使得发展私人感情极为复杂且敏感。未来可能与艾恩兰德或工程内部的女性角色产生基于共同理想与经历的情感羁绊，但会极为含蓄并服从于大局。",
    "complex_emotions": "1. **对父母的愧疚与思念**：无法告知真相，只能用谎言维系联系。\n2. **对平凡生活的怀念与疏离**：深知自己已永远告别过去，偶尔感到孤独。\n3. **对自身价值的矛盾**：一方面深知自己的不可或缺，另一方面又担心自己除了“开门”外别无他用。\n4. **对国家机器的敬畏与依赖**：感激国家提供的保护与平台，但也时刻感受到庞大体系带来的无形压力。",
    "unrequited_love": "无。",
    "emotional_changes": "**初期（觉醒-上报）**：震惊→恐惧→孤独→挣扎→决意。\n**接触期（调查-加入）**：紧张戒备→观察评估→初步信任→责任认同。\n**当前（第一卷末）**：心态趋于稳定，责任感压倒不安，对工程产生归属感与使命感，偶尔因思乡或压力产生情绪波动，但能通过自我调节和基地心理支持系统恢复。情感底色从“个人命运的惶恐”逐渐转向“见证历史的沉重与激动”交织。"
  },
  "raw": "```json\n{\n    \"name\": \"陈启\",\n    \"race\": \"人类\",\n    \"gender\": \"男\",\n    \"age\": 25,\n    \"description\": \"禹州/中央联邦普通理工科大学毕业生，在个人公寓内发现并验证了能够稳定开启通往异世界“艾恩兰德”空间门的能力。经过激烈思想斗争后，他选择通过特殊网络渠道匿名上报。能力被国家秘密确认后，成为绝密【零号工程】的核心成员，被授予“最高权限顾问”身份。他是连接两个世界的唯一固定坐标，也是整个文明开发计划的绝对起点与象征性核心。\",\n    \"appearance\": \"身高约178厘米，体型偏瘦但结实，黑发黑瞳，典型的禹州青年样貌。面容清秀，戴一副黑框近视眼镜（后来在基地更换为特制的防冲击护目镜）。平时穿着朴素，常穿深色T恤和牛仔裤。在【零号工程】基地内，通常穿着特制的深灰色顾问制服，左胸佩戴着象征最高权限的银色徽章——一枚简约的世界树与齿轮交织图案。\",\n    \"appearance_age\": 25,\n    \"distinguishing_features\": \"1. 眼神冷静而专注，在思考时会习惯性推眼镜。\\n2. 右手掌心有一道极淡的、几乎看不见的银色弧形印记——这是他能力觉醒时留下的痕迹，只有在他集中精神开启“门”时会微微发光。\\n3. 左腕佩戴特制生命体征监测手环，与昆仑基地中央控制系统直连。\\n4. 制服上的银色最高权限徽章，在基地内拥有仅次于工程总指挥的通行权限。\",\n    \"personality\": \"【谨慎理性】在发现能力后进行了长达数周的反复验证与记录，确保不是幻觉或偶然现象后才决定行动。\\n【责任感强】尽管最初恐惧于自身处境，但最终选择上报，源自“这种力量不该由个人独占”的朴素信念。\\n【大局观】能跳出个人得失，理解国家系统性开发异世界的战略意义，并积极配合。\\n【适应性】从普通毕业生到核心顾问的身份转变中，表现出快速学习与心理调适能力。\\n【内在挣扎】偶尔会在独处时流露出对平凡生活的怀念，以及对自身成为“桥梁”这一命运的重压感。\",\n    \"background\": \"出生于禹州一个普通工薪家庭，独生子。父母均为国企工程师，家庭氛围开明且重视教育。从小成绩优异，尤其擅长数学与物理，高考后进入国内顶尖理工大学攻读材料科学与工程专业。大学期间性格内向但踏实，参与过数个校级科研项目，培养了严谨的实验思维。毕业后原本计划进入一家研究机构工作，但在等待入职期间，于租住的公寓内首次意外触发了“开门”能力。\",\n    \"character_arc\": \"**第一卷《绝密工程》弧线**：从惊恐不安地验证超能力的普通毕业生 → 经历道德挣扎后选择信任国家的上报者 → 接受严密测试与询问的被调查对象 → 被授予重任、心态逐渐坚定的“最高权限顾问” → 见证并参与“灯塔一号”前哨站建立的文明桥梁。\\n**长期弧线**：预计将从工程的“核心工具”逐渐成长为能参与战略决策的“文明使者”，在两个世界的融合进程中不断深化对自身使命的理解，最终可能面临“成为纯粹象征”还是“保留个人意志”的终极抉择。\",\n    \"motivation\": \"**表层动机**：确保自身安全，并让危险而强大的能力得到最稳妥的处理。\\n**深层动机**：1）渴望见证并参与一场前所未有的文明壮举；2）希望自己的“异常”能最终为人类整体带来福祉；3）潜意识里寻求一个能承载此等秘密与重压的集体归属。\",\n    \"secrets\": \"1. **能力的真正起源**：陈启自己也不清楚能力为何会出现在他身上，家族并无特殊历史。这成为【零号工程】最高机密研究课题之一。\\n2. **首次穿越的细节**：他第一次踏入艾恩兰德时，曾短暂听到过某种类似“低语”的声音，但此后再也未出现。他未在初次报告和询问中提及此事，因当时无法确定是真实感知还是过度紧张产生的幻听。\\n3. **私下的记录**：他保留了一本纸质笔记，记录了自己从发现能力到上报前的心路历程，目前锁在昆仑基地个人宿舍的保险箱内。\",\n    \"birthplace\": \"禹州，东海市\",\n    \"nationality\": \"禹州/中央联邦\",\n    \"occupation\": \"【零号工程】最高权限顾问（原为应届大学毕业生）\",\n    \"faction\": \"禹州/中央联邦 -> 【零号工程】\",\n    \"current_location\": \"绝密基地“昆仑”（代号）内部，拥有独立的顾问生活区与办公套间。大部分时间在基地内，定期通过他开启的“门”前往艾恩兰德“灯塔一号”前哨站。\",\n    \"core_traits\": \"“文明的锚点”、“理性的抉择者”、“沉默的见证者”。他是两个世界物理连接的基石，其存在本身即是战略资产。特质核心在于“稳定性”与“可预测性”，这与异世界探索所需的冒险精神形成微妙对比。\",\n    \"psychological_fear\": \"1. **失去自我**：害怕自己最终被完全工具化，成为一扇纯粹的“门”而丧失作为“陈启”的个人身份与自由。\\n2. **引发灾难**：担忧因自身能力或国家的开发行动，无意中给两个世界带来不可挽回的伤害（如生态崩溃、文明冲突）。\\n3. **连接断裂**：潜意识恐惧某天能力突然消失，导致已建立的连接中断，使投入巨大的工程和身处异世界的人员陷入绝境。\",\n    \"values\": \"**科学理性**：相信任何现象，包括魔法，都应能被观测、理解和系统化。\\n**集体主义**：认同个人能力应为集体利益服务，尤其是在涉及文明层级的事件中。\\n**责任与担当**：认为拥有非常之力，当负非常之责。\\n**和平与发展**：倾向于通过合作、研究与共赢来解决文明碰撞，反对掠夺与殖民思维。\",\n    \"growth_experience\": \"1. **童年与求学**：标准且平顺的成长轨迹，培养了扎实的知识基础与逻辑思维。\\n2. **能力觉醒（23岁）**：毕业前夕在公寓独处时首次触发，经历了震惊、怀疑、恐惧到强迫自己冷静验证的过程。\\n3. **孤独验证期（3周）**：秘密进行数十次穿越测试，记录数据，分析规律，同时承受巨大的心理压力。\\n4. **抉择与上报**：经历数个不眠之夜，最终在国家安全部设立的匿名举报渠道页面按下了发送键。\\n5. **调查与接纳**：在安全屋接受询问与测试，感受到国家机器的专业与高效，逐渐从戒备转为配合。\\n6. **成为顾问**：正式加入【零号工程】，接受基础培训，参与首次科考队穿越，见证“灯塔一号”建立。\",\n    \"important_turning_points\": \"1. **第一次成功控制“门”的开启与关闭**：意识到这不是偶然，而是可控制的超能力。\\n2. **决定上报的那一刻**：放弃个人隐藏秘密的可能，选择将命运交予国家。\\n3. **在安全屋听到【零号工程】获批的消息**：真实感受到自己的命运已与国运绑定。\\n4. **首次以顾问身份，引领科考队正式穿越**：从“能力者”转变为“引路人”，角色发生根本性转变。\\n5. **目睹“灯塔一号”的灯光在异世界森林中亮起**：切身感受到自己开启的“门”所带来的宏大历史进程。\",\n    \"psychological_trauma\": \"目前尚不明显，但潜在创伤可能源于：1）能力觉醒初期长期的孤独与恐惧；2）意识到自己再也无法回归完全“普通”的生活；3）未来可能目睹因穿越行动导致的伤亡或冲突。目前基地心理评估组将其列为重点观察与支持对象。\",\n    \"physical_abilities\": \"普通青年男性水平，身体健康，无特殊训练背景。进入【零号工程】后，开始接受定制的体能训练（以提高在异世界的生存适应能力）和轻度军事化纪律训练，体能稳步提升。\",\n    \"intelligence_perception\": \"**智力**：优秀。具备扎实的理工科思维，逻辑清晰，学习能力强。虽非顶尖天才，但善于理解和整合跨学科知识。\\n**感知**：1）对空间和几何关系有良好直觉，这可能与能力相关；2）情绪感知敏锐，能察觉他人对自己的微妙态度；3）在艾恩兰德时，对环境中“玛娜”的流动有模糊的、类似第六感的体察，但无法精确描述或测量。\",\n    \"special_talents\": \"1. **空间锚定**：核心天赋，能够以自身为坐标，在两个世界间建立稳定连接。\\n2. **通道稳定与控制**：能凭意志开启、维持、调整通道大小（目前有上限）并精准关闭。通道稳定性随其专注度与精神状态波动。\\n3. **跨规则适应性**：其身体似乎能自然适应两个世界不同的物理/魔法规则，穿越时无明显不适。\\n4. **快速学习**：在工程团队协助下，正快速吸收关于异世界生态、基础魔法理论、外交礼仪等新知识。\",\n    \"current_level\": \"【零号工程】最高权限顾问（身份等级）；能力处于“稳定应用期”，通道最大可稳定维持直径约3米圆形，持续时间与其体能和精神专注度正相关（目前极限约连续8小时）。\",\n    \"special_abilities\": \"**核心能力：【开门】**（详细设定见同批次“开门能力”条目）\\n- **主动开启**：可在现实世界任意位置（目前主要在昆仑基地特制“穿越大厅”）开启通往艾恩兰德固定坐标点（目前为“灯塔一号”前哨站中心）的稳定空间通道。\\n- **双向通行**：通道允许物质与信息双向通过。\\n- **坐标绑定**：通道另一端始终绑定于艾恩兰德特定空间坐标，该坐标由陈启首次成功穿越的地点决定，目前可通过复杂仪式（结合现代定位技术）进行极其缓慢的微调。\\n- **唯一性**：目前仅陈启能开启此特定通道。\",\n    \"ability_levels\": \"**通道稳定性**：A级（在基地理想环境下近乎完美）\\n**通道规模**：C级（直径3米，可缓慢成长）\\n**开启精度**：B级（端点坐标稳定，开启位置可控）\\n**精神负荷**：C级（长时间维持会感到疲劳）\\n**成长性**：已确认能力可随使用和时间缓慢增强，具体成长规律为工程最高研究课题之一。\",\n    \"ability_limits\": \"1. **个人依赖**：通道的存在完全依赖于陈启的意识和生命活动。他失去意识或死亡，通道会立即中断。\\n2. **规模限制**：当前最大通道尺寸限制了大型装备的整体通过，需要拆卸或设计专门的可拆解方案。\\n3. **精神消耗**：维持通道需要持续专注，长时间或高强度使用会导致精神疲劳、头痛。\\n4. **坐标固定性**：艾恩兰德端出口位置移动极其困难，目前基本固定于“灯塔一号”。\\n5. **未知干扰**：对高强度魔法能量场、极端空间扭曲等现象的干扰抵抗能力未知。\",\n    \"growth_path\": \"**短期（第一卷）**：适应顾问角色，协助工程初期建设，确保通道稳定，学习基础知识。\\n**中期**：随着通道规模可能扩大，参与更复杂的开发项目；可能尝试对能力进行更深入的主动控制或开发衍生应用（如短距离瞬移？）；作为桥梁参与两个世界的外交与文化交流。\\n**长期**：能力可能进化，或揭示其更深层奥秘；个人可能成为两个文明融合的象征性领袖或精神纽带；最终状态可能是“人”与“门”概念的某种升华或结合。\",\n    \"common_equipment\": \"1. **特制顾问制服**：内置生命监测、定位、紧急求救信号发射器，具备基础防刺、防火星功能。\\n2. **加密通讯器**：直连工程指挥中心及前哨站。\\n3. **多功能战术平板**：集成环境传感器、资料库、地图与任务系统。\\n4. **标准应急包**：包括医疗用品、高能食品、水、信号棒、基础工具。\",\n    \"special_items\": \"1. **最高权限徽章**：不仅是身份象征，也是基地及前哨站绝大多数门禁、系统的通行证。\\n2. **个人生命监测手环**：数据直传中央控制系统，一旦异常会触发最高级别警报。\\n3. **“钥匙”原型机（测试中）**：工程团队尝试开发的一种辅助设备，旨在降低陈启维持通道的精神负荷，或记录通道开启的“频率”参数，目前处于极早期实验阶段。\",\n    \"personal_items\": \"1. **旧笔记本电脑**：存有他最初验证能力时的原始数据记录和心路日记（已加密并物理隔离）。\\n2. **家庭合影**：与父母在大学毕业时的合照。\\n3. **几本理工科经典教材和科幻小说**：用于闲暇时阅读。\\n4. **那本纸质秘密笔记**。\",\n    \"key_items\": \"**陈启本人**即是【零号工程】最关键、不可替代的“物品”。\",\n    \"family_members\": \"父亲：陈建国（58岁，退休工程师）；母亲：王秀兰（55岁，退休工程师）。\",\n    \"family_background\": \"典型城市工薪阶层知识分子家庭。父母正直、爱国，对陈启的教育偏向于培养独立思考和责任感。目前，根据保密协议，陈启的父母被告知他参与了一项“长期海外保密科研项目”，通讯受到严格管制但定期，由国家相关部门妥善安抚与照顾。\",\n    \"close_friends\": \"大学时期有两三位关系较好的同学，但毕业后联系渐少。目前最密切的人际关系集中于【零号工程】团队内部。\",\n    \"mentor_student\": \"**非正式导师**：\\n- **李卫国（工程初期负责人）**：在初期调查与接触中，以其沉稳、专业且不失人情味的态度，赢得了陈启的初步信任，是陈启接触国家力量的第一个窗口。\\n- **数位首席科学家**：在各自领域为陈启提供知识补充，帮助他理解工程的科学意义。\\n陈启目前尚无正式学生，但其存在本身即是所有新加入工程成员需要理解的第一课。\",\n    \"colleagues\": \"【零号工程】全体成员，包括：\\n+ **科学团队**：各领域专家，对陈启的能力充满研究热情，但严格遵守纪律，将其视为重要合作者而非实验对象。\\n+ **军事与安保团队**：负责陈启及通道的绝对安全，态度严谨专业，逐渐建立起互信。\\n+ **工程与后勤团队**：确保基地与前哨站运行，将陈启视为关键基础设施的“维护核心”。\\n+ **外交与人文团队**：正在组建，未来将与陈启密切合作处理异世界接触事务。\\n陈启与同事关系总体良好，但因其身份特殊，存在一定的距离感与保护性隔离。\",\n    \"grudges\": \"目前无个人仇敌。潜在敌对势力视他为必须控制或清除的关键目标，但他本人尚未直接面对。\",\n    \"love_relationships\": \"目前无。大学期间有过短暂恋情，因毕业去向不同而和平分手。工程内部纪律及他自身的特殊身份，使得发展私人感情极为复杂且敏感。未来可能与艾恩兰德或工程内部的女性角色产生基于共同理想与经历的情感羁绊，但会极为含蓄并服从于大局。\",\n    \"complex_emotions\": \"1. **对父母的愧疚与思念**：无法告知真相，只能用谎言维系联系。\\n2. **对平凡生活的怀念与疏离**：深知自己已永远告别过去，偶尔感到孤独。\\n3. **对自身价值的矛盾**：一方面深知自己的不可或缺，另一方面又担心自己除了“开门”外别无他用。\\n4. **对国家机器的敬畏与依赖**：感激国家提供的保护与平台，但也时刻感受到庞大体系带来的无形压力。\",\n    \"unrequited_love\": \"无。\",\n    \"emotional_changes\": \"**初期（觉醒-上报）**：震惊→恐惧→孤独→挣扎→决意。\\n**接触期（调查-加入）**：紧张戒备→观察评估→初步信任→责任认同。\\n**当前（第一卷末）**：心态趋于稳定，责任感压倒不安，对工程产生归属感与使命感，偶尔因思乡或压力产生情绪波动，但能通过自我调节和基地心理支持系统恢复。情感底色从“个人命运的惶恐”逐渐转向“见证历史的沉重与激动”交织。\"\n}\n```"
}
=== Generation Output: 李卫国 ===
Raw response length: 6232
Raw response:
```json
{
    "name": "李卫国",
    "race": "人类",
    "gender": "男",
    "age": 52,
    "description": "禹州中央联邦安全部高级官员，国家安全与战略危机应对领域的资深专家。在接到关于陈启能力的匿名报告后，以其敏锐的政治嗅觉和果决的行动力，迅速推动启动了最高级别的秘密调查程序【零号工程】，并作为该工程初期的最高行政与安全负责人，主导了从情报核实到绝密基地建立的关键环节。他是将“个人奇迹”纳入国家战略轨道的核心推手与执行者，展现了在应对颠覆性未知事件时，一名高级官员的忠诚、担当与远见。",
    "appearance": "中等身材，体型匀称，没有明显的发福迹象。头发梳理得一丝不苟，鬓角已见斑白。面容刚毅，线条分明，额头和眼角有岁月留下的深刻皱纹。眼神锐利而沉稳，仿佛能洞察一切细节。常年穿着剪裁合体的深色行政夹克或西装，即使在非正式场合也保持着整齐的仪容。",
    "appearance_age": 52,
    "distinguishing_features": "1. 锐利而稳定的眼神，仿佛能穿透表象直抵本质，给人以强大的压迫感和信任感。\n2. 左手手腕内侧有一道不明显的旧伤疤，是早年执行外勤任务时留下的。\n3. 说话时习惯性地用食指关节轻轻叩击桌面或文件，这是他思考或强调重点时的无意识动作。\n4. 无论身处何种环境，坐姿和站姿都极为挺拔，保持着军人与高级官员特有的风纪。",
    "personality": "【高度警觉与决断力】对潜在威胁和信息异常敏感，一旦判断形势严峻，能迅速克服官僚程序障碍，以雷霆手段推动决策。\n【忠诚与使命感】对国家与民族的忠诚融入骨髓，将维护国家安全与发展视为最高使命，个人得失置于身后。\n【缜密与务实】思维极度严谨，注重证据链和逻辑闭环，厌恶空谈和冒险主义，强调行动的周密性与可控性。\n【沉着与威严】情绪控制力极强，即使在巨大压力下也能保持冷静，言谈举止自带权威，能有效统合不同背景的专家和部门。\n【责任感与担当】敢于为重大决策承担责任，保护下属和关键人员（如陈启），是团队的主心骨和压力缓冲器。",
    "background": "出生于军人家庭，青年时期考入顶尖军事院校情报与安全专业。毕业后从基层国安外勤做起，凭借出色的分析能力和果敢的行动，在多次反渗透、危机处置任务中表现突出，逐步晋升。曾外派至多个复杂地区执行秘密任务，积累了丰富的实战与外交经验。四十岁后转入战略分析与高层协调岗位，深度参与国家多项重大安全与科技工程的立项与保密管理工作。因其兼具一线经验、战略视野和卓越的协调能力，被委以应对“陈启事件”这一前所未有的特殊任务。",
    "character_arc": "从一名经验丰富、以处理已知威胁为主的传统安全官员，转变为面对“异世界”这一完全未知领域的国家战略工程开拓者与守护者。初期，他主要依靠过往的经验和国家安全框架来应对；随着【零号工程】深入，他必须不断突破认知边界，学习理解魔法、异界文明等全新概念，并将之整合进国家的战略考量中。他的角色将从纯粹的“守护者”和“管理者”，逐渐向“新边疆的开拓决策者”演变，在确保安全的前提下，为两个世界的接触与融合把握方向。",
    "motivation": "核心动机是绝对确保禹州中央联邦的国家安全与长远利益。在“陈启事件”上，他意识到这既是史无前例的机遇，也可能是颠覆性的危机。他的所有行动都围绕以下目标：1) 控制信息，防止泄露引发国际动荡或内部恐慌；2) 保护陈启，确保国家掌握这一独一无二的战略资产；3) 推动建立系统、科学、可控的开发体系（【零号工程】），将机遇最大化，风险最小化；4) 最终目标是让国家在此次文明级事件中占据主导地位，引领民族乃至人类走向新的未来。",
    "secrets": "1. 掌握数条未写入任何档案的、直通最高决策层的紧急汇报与沟通渠道。\n2. 年轻时在某次境外任务中，曾亲眼目睹过无法用现有科学解释的“异常现象”，此事被他深埋心底，也让他对陈启的报告抱有超越常人的严肃态度。\n3. 对【零号工程】内部可能存在的、来自国内外其他势力的潜在渗透风险，有着一份不断更新的高度机密评估名单。\n4. 拥有一份由他个人拟定的、关于“通道失控”或“陈启失能”等最坏情况下的应急接管与止损预案，仅向极少数人透露过框架。",
    "birthplace": "禹州中央联邦，北方某工业城市。",
    "nationality": "禹州中央联邦。",
    "occupation": "政府高级官员 / 国家安全与战略项目负责人。现任职务为禹州中央联邦安全部高级专员，兼任【零号工程】初期最高行政与安全负责人（在工程完全转入“昆仑”基地并形成稳定管理架构后，其直接管理职责可能会移交或转变）。",
    "faction": "禹州中央联邦政府 / 国家安全体系 / 【零号工程】最高领导层。",
    "current_location": "初期频繁往返于首都的安全部指挥中心、陈启所在的临时安全屋、以及正在紧急建设的“昆仑”绝密基地之间。在“昆仑”基地初步运行后，其指挥中心将常设于基地内部的安全管控核心区。",
    "core_traits": "忠诚、决断、缜密、担当、权威。",
    "psychological_fear": "最大的恐惧并非个人安危，而是“因自己的判断失误或行动迟缓，导致国家错失千载难逢的机遇，或陷入无法挽回的灾难”。具体包括：陈启的能力或存在被敌对势力掌控；异世界未知威胁大规模涌入现实世界；开发行动引发两个世界的规则冲突或崩溃；工程因内部腐败或外部破坏而失败。",
    "values": "国家利益高于一切；实事求是，科学决策；责任重于泰山；保密是生命线；在战略上藐视困难，在战术上重视每一个细节。相信集体的力量和系统的优势，认为个人英雄主义在如此宏大的事业面前是危险且不足恃的。",
    "growth_experience": "1. 军校与基层外勤时期：塑造了纪律性、实战技能和对隐蔽战线的深刻认知。\n2. 多次危机处置经历：锤炼了在高压下快速分析、果断决策和承担后果的心理素质。\n3. 战略协调岗位：学会了在复杂的官僚体系和利益诉求中推动事情，平衡安全、发展与政治等多重目标，视野从战术层面提升至国家战略层面。\n4. “陈启事件”：正在经历其职业生涯乃至认知体系的最大冲击与重塑，被迫以开放心态面对完全未知的领域。",
    "important_turning_points": "1. 年轻时那次遭遇“异常现象”的经历，埋下了对超常事件严肃对待的种子。\n2. 被任命负责处理陈启的匿名报告，这是他职业生涯处理过的最离奇也最重大的“线索”。\n3. 亲眼见证陈启的能力测试成功，那一刻，他从一个调查者正式转变为一项可能改写人类历史的国家工程的奠基者之一。\n4. 未来可能面临的关键转折：在【零号工程】从绝密转向有限公开或遭遇重大危机时，需要做出影响深远的战略抉择。",
    "psychological_trauma": "无明显的、导致功能障碍的心理创伤。但早年执行任务时目睹战友牺牲，以及处理过的一些重大安全事件的后果，让他对“失去”和“失败”的代价有着刻骨铭心的认识，这加深了他的责任感和谨慎性。",
    "physical_abilities": "身体素质保持良好，远超同龄普通官员。受过严格的军事和特工体能训练，虽年过五旬，仍能进行中等强度的体能活动，反应速度和耐力在紧急情况下足以自保。格斗技巧生疏但基础仍在。",
    "intelligence_perception": "【智力】极高。拥有出色的逻辑分析、情报整合与战略推演能力。能快速从海量信息中抓住关键矛盾，预判事态发展的多种可能。\n【感知】极其敏锐。对人的微表情、语气变化、环境细节有超常的观察力，对潜在的危险和谎言有近乎本能的直觉。这种感知力更多来自经验累积，而非超自然能力。",
    "special_talents": "1. **危机嗅觉**：对即将发生或隐藏极深的重大危机有异乎寻常的预感能力。\n2. **跨部门协调大师**：擅长在保密前提下，打破部门壁垒，高效整合军事、科技、外交、情报等不同领域的资源与人才。\n3. **压力决策**：越是面临巨大压力和不确定性，其思维反而越清晰冷静，能够排除情绪干扰，做出当时情境下的最优选择。",
    "current_level": "国家级战略安全官员/重大绝密工程初期负责人。其“等级”并非战斗或魔法能力，而是行政权限、决策影响力与信任等级。拥有仅次于最高决策层的A++级绝密权限，在【零号工程】初期拥有临机决断的广泛权力。",
    "special_abilities": "无超自然或魔法能力。其“能力”体现在组织、管理、决策和保密领域。",
    "ability_levels": "不适用。",
    "ability_limits": "1. **认知局限**：作为纯粹的“现实世界”精英，对魔法、异界文明等全新体系的认知需要学习过程，初期可能低估其复杂性和危险性。\n2. **体制约束**：尽管权力很大，但重大决策仍需遵循一定程序和获得授权，无法完全独断专行。\n3. **个人精力**：年过五旬，面对如此高强度、高压力的全新工作，体力和精力的长期持续输出是一大挑战。\n4. **情感隔离**：高度的理性和责任感有时会让他显得不近人情，可能影响与团队（尤其是陈启这样的年轻人）的情感沟通。",
    "growth_path": "其成长路径是“管理者”和“决策者”的路径：\n1. **初期（当前）**：高效搭建工程框架，确立安全底线，整合初始团队，确保项目平稳启动。\n2. **中期**：学习理解异世界知识，调整管理思维，应对工程深入后出现的内部协调问题、外部渗透压力以及两个世界接触带来的伦理与文化冲突。\n3. **后期**：从具体项目管理中逐渐超脱，更多参与国家层面关于两个文明关系的宏观战略制定，成为连接【零号工程】与国家最高决策层的战略顾问之一。",
    "common_equipment": "1. 多部加密通讯设备（卫星电话、内部保密网络终端），确保随时与关键节点联系。\n2. 一个从不离身的黑色皮质公文包，内含当前最重要的加密文件和一台离线存储设备。\n3. 一副款式普通的平光眼镜（偶尔佩戴），镜腿内置有微型应急警报器。\n4. 衣着内衬具备基础的防割防刺功能。",
    "special_items": "1. **“红色密钥”**：一个特殊的物理加密U盘，储存着启动【零号工程】最高紧急预案的部分核心指令和权限验证码。\n2. **加密记事本**：纸质笔记本，用只有他自己完全理解的符号和缩写记录最核心的思路、怀疑和人员评价，从不进行电子化。",
    "personal_items": "1. 一块老式的军用机械手表，是已故父亲的遗物，象征纪律与传承。\n2. 一个随身携带的茶叶罐，里面是家乡产的茶叶，在连续工作疲惫时泡上一杯，是他为数不多的放松时刻。\n3. 一张磨损的家庭合影（妻子与女儿），存放在钱包夹层，但极少在外人面前取出。",
    "key_items": "【零号工程】的初始授权文件、陈启的完整身份与能力评估报告、“昆仑”基地的总体建设与安全规划图。",
    "family_members": "妻子：一名大学教师，知情程度极低，仅知丈夫从事重要保密工作。女儿：在国外知名大学攻读博士学位，专业与父亲的工作无关。李卫国对家人保护极好，尽量避免工作与家庭生活产生任何交集。",
    "family_background": "典型的“红色”家庭背景。父亲是退役军官，母亲是教师。家庭教育强调忠诚、纪律和奉献。清正、低调、保守是家庭一贯的作风。",
    "close_friends": "几乎没有传统意义上的“挚友”。他的工作性质决定其社交圈高度局限且带有功能性。有几位同样身处要害部门、相识数十年的同僚，彼此信任，能在关键时刻提供支持或直言相谏，但私下交往非常有限。",
    "mentor_student": "**导师**：早年一位已退休的安全战线老领导，对其职业生涯初期影响深远，也是少数能听他倾诉巨大压力的人。\n**学生/提携对象**：目前没有明确的“学生”，但在【零号工程】中，他有意培养几位表现出色的年轻骨干（可能来自安全、科技或外交领域），作为未来工程管理层的储备。",
    "colleagues": "1. **陈启**：工程的核心与保护对象。李卫国对他抱有高度的责任感和一定的审视态度，关系是保护者与被保护者、领导者与关键顾问的结合，正在逐步建立超越公务的信任。\n2. **【零号工程】科学家团队负责人**：如首席物理学家、生物学家等。李卫国尊重其专业权威，负责为他们创造安全、不受干扰的工作环境，并协调资源。\n3. **军方联络官/安保指挥官**：负责具体武力部署与基地防卫。李卫国与其是明确的指挥与执行关系，强调绝对服从和预案协同。\n4. **高层决策者**：李卫国是其意志在一线的延伸和执行者，需要定期进行绝密汇报。",
    "grudges": "无个人恩怨式的仇敌。但其职责注定他与以下势力为敌：任何试图窃取【零号工程】机密、伤害陈启、破坏两个世界稳定接触的国内外个人与组织（包括故事中的跨国资本、敌对情报机构、艾恩兰德的极端保守势力等）。他将这些视为必须清除的“威胁”而非“仇敌”。",
    "love_relationships": "与妻子婚姻稳定，但聚少离多。感情深厚而含蓄，建立在多年的理解与支持之上。由于工作性质，他很少表达情感，但对家庭负有深沉的责任感。",
    "complex_emotions": "1. **对陈启**：混合了长辈对优秀后辈的欣赏、保护者对脆弱关键资产的责任焦虑、以及决策者对不确定因素的天然警惕。他希望陈启快速成长、担当重任，又担心他年轻经验不足出错。\n2. **对工程**：既为能参与如此伟大的事业而感到豪情与兴奋，又时刻被如履薄冰的巨大压力所折磨。\n3. **对未知（异世界）**：保持着高度敬畏与谨慎的好奇，理性上知道必须探索，感性上对可能存在的不可控风险充满戒备。",
    "unrequited_love": "无。",
    "emotional_changes": "初期以绝对的理性、权威和距离感主导工作。随着工程推进，尤其是与陈启及核心团队共历风险后，其情感层面会逐渐软化，展现出更多属于“人”的关切、信任甚至偶尔的疲惫。但他永远会将自己的情绪控制在有利于工作和团队稳定的范围内，绝不会让情感影响关键决策。从“冰冷的国家机器齿轮”向“有温度的国家工程守护者”微妙过渡。"
}
```
Parsed result: {
  "success": true,
  "data": {
    "name": "李卫国",
    "race": "人类",
    "gender": "男",
    "age": "52",
    "description": "禹州中央联邦安全部高级官员，国家安全与战略危机应对领域的资深专家。在接到关于陈启能力的匿名报告后，以其敏锐的政治嗅觉和果决的行动力，迅速推动启动了最高级别的秘密调查程序【零号工程】，并作为该工程初期的最高行政与安全负责人，主导了从情报核实到绝密基地建立的关键环节。他是将“个人奇迹”纳入国家战略轨道的核心推手与执行者，展现了在应对颠覆性未知事件时，一名高级官员的忠诚、担当与远见。",
    "appearance": "中等身材，体型匀称，没有明显的发福迹象。头发梳理得一丝不苟，鬓角已见斑白。面容刚毅，线条分明，额头和眼角有岁月留下的深刻皱纹。眼神锐利而沉稳，仿佛能洞察一切细节。常年穿着剪裁合体的深色行政夹克或西装，即使在非正式场合也保持着整齐的仪容。",
    "appearance_age": "52",
    "distinguishing_features": "1. 锐利而稳定的眼神，仿佛能穿透表象直抵本质，给人以强大的压迫感和信任感。\n2. 左手手腕内侧有一道不明显的旧伤疤，是早年执行外勤任务时留下的。\n3. 说话时习惯性地用食指关节轻轻叩击桌面或文件，这是他思考或强调重点时的无意识动作。\n4. 无论身处何种环境，坐姿和站姿都极为挺拔，保持着军人与高级官员特有的风纪。",
    "personality": "【高度警觉与决断力】对潜在威胁和信息异常敏感，一旦判断形势严峻，能迅速克服官僚程序障碍，以雷霆手段推动决策。\n【忠诚与使命感】对国家与民族的忠诚融入骨髓，将维护国家安全与发展视为最高使命，个人得失置于身后。\n【缜密与务实】思维极度严谨，注重证据链和逻辑闭环，厌恶空谈和冒险主义，强调行动的周密性与可控性。\n【沉着与威严】情绪控制力极强，即使在巨大压力下也能保持冷静，言谈举止自带权威，能有效统合不同背景的专家和部门。\n【责任感与担当】敢于为重大决策承担责任，保护下属和关键人员（如陈启），是团队的主心骨和压力缓冲器。",
    "background": "出生于军人家庭，青年时期考入顶尖军事院校情报与安全专业。毕业后从基层国安外勤做起，凭借出色的分析能力和果敢的行动，在多次反渗透、危机处置任务中表现突出，逐步晋升。曾外派至多个复杂地区执行秘密任务，积累了丰富的实战与外交经验。四十岁后转入战略分析与高层协调岗位，深度参与国家多项重大安全与科技工程的立项与保密管理工作。因其兼具一线经验、战略视野和卓越的协调能力，被委以应对“陈启事件”这一前所未有的特殊任务。",
    "character_arc": "从一名经验丰富、以处理已知威胁为主的传统安全官员，转变为面对“异世界”这一完全未知领域的国家战略工程开拓者与守护者。初期，他主要依靠过往的经验和国家安全框架来应对；随着【零号工程】深入，他必须不断突破认知边界，学习理解魔法、异界文明等全新概念，并将之整合进国家的战略考量中。他的角色将从纯粹的“守护者”和“管理者”，逐渐向“新边疆的开拓决策者”演变，在确保安全的前提下，为两个世界的接触与融合把握方向。",
    "motivation": "核心动机是绝对确保禹州中央联邦的国家安全与长远利益。在“陈启事件”上，他意识到这既是史无前例的机遇，也可能是颠覆性的危机。他的所有行动都围绕以下目标：1) 控制信息，防止泄露引发国际动荡或内部恐慌；2) 保护陈启，确保国家掌握这一独一无二的战略资产；3) 推动建立系统、科学、可控的开发体系（【零号工程】），将机遇最大化，风险最小化；4) 最终目标是让国家在此次文明级事件中占据主导地位，引领民族乃至人类走向新的未来。",
    "secrets": "1. 掌握数条未写入任何档案的、直通最高决策层的紧急汇报与沟通渠道。\n2. 年轻时在某次境外任务中，曾亲眼目睹过无法用现有科学解释的“异常现象”，此事被他深埋心底，也让他对陈启的报告抱有超越常人的严肃态度。\n3. 对【零号工程】内部可能存在的、来自国内外其他势力的潜在渗透风险，有着一份不断更新的高度机密评估名单。\n4. 拥有一份由他个人拟定的、关于“通道失控”或“陈启失能”等最坏情况下的应急接管与止损预案，仅向极少数人透露过框架。",
    "birthplace": "禹州中央联邦，北方某工业城市。",
    "nationality": "禹州中央联邦。",
    "occupation": "政府高级官员 / 国家安全与战略项目负责人。现任职务为禹州中央联邦安全部高级专员，兼任【零号工程】初期最高行政与安全负责人（在工程完全转入“昆仑”基地并形成稳定管理架构后，其直接管理职责可能会移交或转变）。",
    "faction": "禹州中央联邦政府 / 国家安全体系 / 【零号工程】最高领导层。",
    "current_location": "初期频繁往返于首都的安全部指挥中心、陈启所在的临时安全屋、以及正在紧急建设的“昆仑”绝密基地之间。在“昆仑”基地初步运行后，其指挥中心将常设于基地内部的安全管控核心区。",
    "core_traits": "忠诚、决断、缜密、担当、权威。",
    "psychological_fear": "最大的恐惧并非个人安危，而是“因自己的判断失误或行动迟缓，导致国家错失千载难逢的机遇，或陷入无法挽回的灾难”。具体包括：陈启的能力或存在被敌对势力掌控；异世界未知威胁大规模涌入现实世界；开发行动引发两个世界的规则冲突或崩溃；工程因内部腐败或外部破坏而失败。",
    "values": "国家利益高于一切；实事求是，科学决策；责任重于泰山；保密是生命线；在战略上藐视困难，在战术上重视每一个细节。相信集体的力量和系统的优势，认为个人英雄主义在如此宏大的事业面前是危险且不足恃的。",
    "growth_experience": "1. 军校与基层外勤时期：塑造了纪律性、实战技能和对隐蔽战线的深刻认知。\n2. 多次危机处置经历：锤炼了在高压下快速分析、果断决策和承担后果的心理素质。\n3. 战略协调岗位：学会了在复杂的官僚体系和利益诉求中推动事情，平衡安全、发展与政治等多重目标，视野从战术层面提升至国家战略层面。\n4. “陈启事件”：正在经历其职业生涯乃至认知体系的最大冲击与重塑，被迫以开放心态面对完全未知的领域。",
    "important_turning_points": "1. 年轻时那次遭遇“异常现象”的经历，埋下了对超常事件严肃对待的种子。\n2. 被任命负责处理陈启的匿名报告，这是他职业生涯处理过的最离奇也最重大的“线索”。\n3. 亲眼见证陈启的能力测试成功，那一刻，他从一个调查者正式转变为一项可能改写人类历史的国家工程的奠基者之一。\n4. 未来可能面临的关键转折：在【零号工程】从绝密转向有限公开或遭遇重大危机时，需要做出影响深远的战略抉择。",
    "psychological_trauma": "无明显的、导致功能障碍的心理创伤。但早年执行任务时目睹战友牺牲，以及处理过的一些重大安全事件的后果，让他对“失去”和“失败”的代价有着刻骨铭心的认识，这加深了他的责任感和谨慎性。",
    "physical_abilities": "身体素质保持良好，远超同龄普通官员。受过严格的军事和特工体能训练，虽年过五旬，仍能进行中等强度的体能活动，反应速度和耐力在紧急情况下足以自保。格斗技巧生疏但基础仍在。",
    "intelligence_perception": "【智力】极高。拥有出色的逻辑分析、情报整合与战略推演能力。能快速从海量信息中抓住关键矛盾，预判事态发展的多种可能。\n【感知】极其敏锐。对人的微表情、语气变化、环境细节有超常的观察力，对潜在的危险和谎言有近乎本能的直觉。这种感知力更多来自经验累积，而非超自然能力。",
    "special_talents": "1. **危机嗅觉**：对即将发生或隐藏极深的重大危机有异乎寻常的预感能力。\n2. **跨部门协调大师**：擅长在保密前提下，打破部门壁垒，高效整合军事、科技、外交、情报等不同领域的资源与人才。\n3. **压力决策**：越是面临巨大压力和不确定性，其思维反而越清晰冷静，能够排除情绪干扰，做出当时情境下的最优选择。",
    "current_level": "国家级战略安全官员/重大绝密工程初期负责人。其“等级”并非战斗或魔法能力，而是行政权限、决策影响力与信任等级。拥有仅次于最高决策层的A++级绝密权限，在【零号工程】初期拥有临机决断的广泛权力。",
    "special_abilities": "无超自然或魔法能力。其“能力”体现在组织、管理、决策和保密领域。",
    "ability_levels": "不适用。",
    "ability_limits": "1. **认知局限**：作为纯粹的“现实世界”精英，对魔法、异界文明等全新体系的认知需要学习过程，初期可能低估其复杂性和危险性。\n2. **体制约束**：尽管权力很大，但重大决策仍需遵循一定程序和获得授权，无法完全独断专行。\n3. **个人精力**：年过五旬，面对如此高强度、高压力的全新工作，体力和精力的长期持续输出是一大挑战。\n4. **情感隔离**：高度的理性和责任感有时会让他显得不近人情，可能影响与团队（尤其是陈启这样的年轻人）的情感沟通。",
    "growth_path": "其成长路径是“管理者”和“决策者”的路径：\n1. **初期（当前）**：高效搭建工程框架，确立安全底线，整合初始团队，确保项目平稳启动。\n2. **中期**：学习理解异世界知识，调整管理思维，应对工程深入后出现的内部协调问题、外部渗透压力以及两个世界接触带来的伦理与文化冲突。\n3. **后期**：从具体项目管理中逐渐超脱，更多参与国家层面关于两个文明关系的宏观战略制定，成为连接【零号工程】与国家最高决策层的战略顾问之一。",
    "common_equipment": "1. 多部加密通讯设备（卫星电话、内部保密网络终端），确保随时与关键节点联系。\n2. 一个从不离身的黑色皮质公文包，内含当前最重要的加密文件和一台离线存储设备。\n3. 一副款式普通的平光眼镜（偶尔佩戴），镜腿内置有微型应急警报器。\n4. 衣着内衬具备基础的防割防刺功能。",
    "special_items": "1. **“红色密钥”**：一个特殊的物理加密U盘，储存着启动【零号工程】最高紧急预案的部分核心指令和权限验证码。\n2. **加密记事本**：纸质笔记本，用只有他自己完全理解的符号和缩写记录最核心的思路、怀疑和人员评价，从不进行电子化。",
    "personal_items": "1. 一块老式的军用机械手表，是已故父亲的遗物，象征纪律与传承。\n2. 一个随身携带的茶叶罐，里面是家乡产的茶叶，在连续工作疲惫时泡上一杯，是他为数不多的放松时刻。\n3. 一张磨损的家庭合影（妻子与女儿），存放在钱包夹层，但极少在外人面前取出。",
    "key_items": "【零号工程】的初始授权文件、陈启的完整身份与能力评估报告、“昆仑”基地的总体建设与安全规划图。",
    "family_members": "妻子：一名大学教师，知情程度极低，仅知丈夫从事重要保密工作。女儿：在国外知名大学攻读博士学位，专业与父亲的工作无关。李卫国对家人保护极好，尽量避免工作与家庭生活产生任何交集。",
    "family_background": "典型的“红色”家庭背景。父亲是退役军官，母亲是教师。家庭教育强调忠诚、纪律和奉献。清正、低调、保守是家庭一贯的作风。",
    "close_friends": "几乎没有传统意义上的“挚友”。他的工作性质决定其社交圈高度局限且带有功能性。有几位同样身处要害部门、相识数十年的同僚，彼此信任，能在关键时刻提供支持或直言相谏，但私下交往非常有限。",
    "mentor_student": "**导师**：早年一位已退休的安全战线老领导，对其职业生涯初期影响深远，也是少数能听他倾诉巨大压力的人。\n**学生/提携对象**：目前没有明确的“学生”，但在【零号工程】中，他有意培养几位表现出色的年轻骨干（可能来自安全、科技或外交领域），作为未来工程管理层的储备。",
    "colleagues": "1. **陈启**：工程的核心与保护对象。李卫国对他抱有高度的责任感和一定的审视态度，关系是保护者与被保护者、领导者与关键顾问的结合，正在逐步建立超越公务的信任。\n2. **【零号工程】科学家团队负责人**：如首席物理学家、生物学家等。李卫国尊重其专业权威，负责为他们创造安全、不受干扰的工作环境，并协调资源。\n3. **军方联络官/安保指挥官**：负责具体武力部署与基地防卫。李卫国与其是明确的指挥与执行关系，强调绝对服从和预案协同。\n4. **高层决策者**：李卫国是其意志在一线的延伸和执行者，需要定期进行绝密汇报。",
    "grudges": "无个人恩怨式的仇敌。但其职责注定他与以下势力为敌：任何试图窃取【零号工程】机密、伤害陈启、破坏两个世界稳定接触的国内外个人与组织（包括故事中的跨国资本、敌对情报机构、艾恩兰德的极端保守势力等）。他将这些视为必须清除的“威胁”而非“仇敌”。",
    "love_relationships": "与妻子婚姻稳定，但聚少离多。感情深厚而含蓄，建立在多年的理解与支持之上。由于工作性质，他很少表达情感，但对家庭负有深沉的责任感。",
    "complex_emotions": "1. **对陈启**：混合了长辈对优秀后辈的欣赏、保护者对脆弱关键资产的责任焦虑、以及决策者对不确定因素的天然警惕。他希望陈启快速成长、担当重任，又担心他年轻经验不足出错。\n2. **对工程**：既为能参与如此伟大的事业而感到豪情与兴奋，又时刻被如履薄冰的巨大压力所折磨。\n3. **对未知（异世界）**：保持着高度敬畏与谨慎的好奇，理性上知道必须探索，感性上对可能存在的不可控风险充满戒备。",
    "unrequited_love": "无。",
    "emotional_changes": "初期以绝对的理性、权威和距离感主导工作。随着工程推进，尤其是与陈启及核心团队共历风险后，其情感层面会逐渐软化，展现出更多属于“人”的关切、信任甚至偶尔的疲惫。但他永远会将自己的情绪控制在有利于工作和团队稳定的范围内，绝不会让情感影响关键决策。从“冰冷的国家机器齿轮”向“有温度的国家工程守护者”微妙过渡。"
  },
  "raw": "```json\n{\n    \"name\": \"李卫国\",\n    \"race\": \"人类\",\n    \"gender\": \"男\",\n    \"age\": 52,\n    \"description\": \"禹州中央联邦安全部高级官员，国家安全与战略危机应对领域的资深专家。在接到关于陈启能力的匿名报告后，以其敏锐的政治嗅觉和果决的行动力，迅速推动启动了最高级别的秘密调查程序【零号工程】，并作为该工程初期的最高行政与安全负责人，主导了从情报核实到绝密基地建立的关键环节。他是将“个人奇迹”纳入国家战略轨道的核心推手与执行者，展现了在应对颠覆性未知事件时，一名高级官员的忠诚、担当与远见。\",\n    \"appearance\": \"中等身材，体型匀称，没有明显的发福迹象。头发梳理得一丝不苟，鬓角已见斑白。面容刚毅，线条分明，额头和眼角有岁月留下的深刻皱纹。眼神锐利而沉稳，仿佛能洞察一切细节。常年穿着剪裁合体的深色行政夹克或西装，即使在非正式场合也保持着整齐的仪容。\",\n    \"appearance_age\": 52,\n    \"distinguishing_features\": \"1. 锐利而稳定的眼神，仿佛能穿透表象直抵本质，给人以强大的压迫感和信任感。\\n2. 左手手腕内侧有一道不明显的旧伤疤，是早年执行外勤任务时留下的。\\n3. 说话时习惯性地用食指关节轻轻叩击桌面或文件，这是他思考或强调重点时的无意识动作。\\n4. 无论身处何种环境，坐姿和站姿都极为挺拔，保持着军人与高级官员特有的风纪。\",\n    \"personality\": \"【高度警觉与决断力】对潜在威胁和信息异常敏感，一旦判断形势严峻，能迅速克服官僚程序障碍，以雷霆手段推动决策。\\n【忠诚与使命感】对国家与民族的忠诚融入骨髓，将维护国家安全与发展视为最高使命，个人得失置于身后。\\n【缜密与务实】思维极度严谨，注重证据链和逻辑闭环，厌恶空谈和冒险主义，强调行动的周密性与可控性。\\n【沉着与威严】情绪控制力极强，即使在巨大压力下也能保持冷静，言谈举止自带权威，能有效统合不同背景的专家和部门。\\n【责任感与担当】敢于为重大决策承担责任，保护下属和关键人员（如陈启），是团队的主心骨和压力缓冲器。\",\n    \"background\": \"出生于军人家庭，青年时期考入顶尖军事院校情报与安全专业。毕业后从基层国安外勤做起，凭借出色的分析能力和果敢的行动，在多次反渗透、危机处置任务中表现突出，逐步晋升。曾外派至多个复杂地区执行秘密任务，积累了丰富的实战与外交经验。四十岁后转入战略分析与高层协调岗位，深度参与国家多项重大安全与科技工程的立项与保密管理工作。因其兼具一线经验、战略视野和卓越的协调能力，被委以应对“陈启事件”这一前所未有的特殊任务。\",\n    \"character_arc\": \"从一名经验丰富、以处理已知威胁为主的传统安全官员，转变为面对“异世界”这一完全未知领域的国家战略工程开拓者与守护者。初期，他主要依靠过往的经验和国家安全框架来应对；随着【零号工程】深入，他必须不断突破认知边界，学习理解魔法、异界文明等全新概念，并将之整合进国家的战略考量中。他的角色将从纯粹的“守护者”和“管理者”，逐渐向“新边疆的开拓决策者”演变，在确保安全的前提下，为两个世界的接触与融合把握方向。\",\n    \"motivation\": \"核心动机是绝对确保禹州中央联邦的国家安全与长远利益。在“陈启事件”上，他意识到这既是史无前例的机遇，也可能是颠覆性的危机。他的所有行动都围绕以下目标：1) 控制信息，防止泄露引发国际动荡或内部恐慌；2) 保护陈启，确保国家掌握这一独一无二的战略资产；3) 推动建立系统、科学、可控的开发体系（【零号工程】），将机遇最大化，风险最小化；4) 最终目标是让国家在此次文明级事件中占据主导地位，引领民族乃至人类走向新的未来。\",\n    \"secrets\": \"1. 掌握数条未写入任何档案的、直通最高决策层的紧急汇报与沟通渠道。\\n2. 年轻时在某次境外任务中，曾亲眼目睹过无法用现有科学解释的“异常现象”，此事被他深埋心底，也让他对陈启的报告抱有超越常人的严肃态度。\\n3. 对【零号工程】内部可能存在的、来自国内外其他势力的潜在渗透风险，有着一份不断更新的高度机密评估名单。\\n4. 拥有一份由他个人拟定的、关于“通道失控”或“陈启失能”等最坏情况下的应急接管与止损预案，仅向极少数人透露过框架。\",\n    \"birthplace\": \"禹州中央联邦，北方某工业城市。\",\n    \"nationality\": \"禹州中央联邦。\",\n    \"occupation\": \"政府高级官员 / 国家安全与战略项目负责人。现任职务为禹州中央联邦安全部高级专员，兼任【零号工程】初期最高行政与安全负责人（在工程完全转入“昆仑”基地并形成稳定管理架构后，其直接管理职责可能会移交或转变）。\",\n    \"faction\": \"禹州中央联邦政府 / 国家安全体系 / 【零号工程】最高领导层。\",\n    \"current_location\": \"初期频繁往返于首都的安全部指挥中心、陈启所在的临时安全屋、以及正在紧急建设的“昆仑”绝密基地之间。在“昆仑”基地初步运行后，其指挥中心将常设于基地内部的安全管控核心区。\",\n    \"core_traits\": \"忠诚、决断、缜密、担当、权威。\",\n    \"psychological_fear\": \"最大的恐惧并非个人安危，而是“因自己的判断失误或行动迟缓，导致国家错失千载难逢的机遇，或陷入无法挽回的灾难”。具体包括：陈启的能力或存在被敌对势力掌控；异世界未知威胁大规模涌入现实世界；开发行动引发两个世界的规则冲突或崩溃；工程因内部腐败或外部破坏而失败。\",\n    \"values\": \"国家利益高于一切；实事求是，科学决策；责任重于泰山；保密是生命线；在战略上藐视困难，在战术上重视每一个细节。相信集体的力量和系统的优势，认为个人英雄主义在如此宏大的事业面前是危险且不足恃的。\",\n    \"growth_experience\": \"1. 军校与基层外勤时期：塑造了纪律性、实战技能和对隐蔽战线的深刻认知。\\n2. 多次危机处置经历：锤炼了在高压下快速分析、果断决策和承担后果的心理素质。\\n3. 战略协调岗位：学会了在复杂的官僚体系和利益诉求中推动事情，平衡安全、发展与政治等多重目标，视野从战术层面提升至国家战略层面。\\n4. “陈启事件”：正在经历其职业生涯乃至认知体系的最大冲击与重塑，被迫以开放心态面对完全未知的领域。\",\n    \"important_turning_points\": \"1. 年轻时那次遭遇“异常现象”的经历，埋下了对超常事件严肃对待的种子。\\n2. 被任命负责处理陈启的匿名报告，这是他职业生涯处理过的最离奇也最重大的“线索”。\\n3. 亲眼见证陈启的能力测试成功，那一刻，他从一个调查者正式转变为一项可能改写人类历史的国家工程的奠基者之一。\\n4. 未来可能面临的关键转折：在【零号工程】从绝密转向有限公开或遭遇重大危机时，需要做出影响深远的战略抉择。\",\n    \"psychological_trauma\": \"无明显的、导致功能障碍的心理创伤。但早年执行任务时目睹战友牺牲，以及处理过的一些重大安全事件的后果，让他对“失去”和“失败”的代价有着刻骨铭心的认识，这加深了他的责任感和谨慎性。\",\n    \"physical_abilities\": \"身体素质保持良好，远超同龄普通官员。受过严格的军事和特工体能训练，虽年过五旬，仍能进行中等强度的体能活动，反应速度和耐力在紧急情况下足以自保。格斗技巧生疏但基础仍在。\",\n    \"intelligence_perception\": \"【智力】极高。拥有出色的逻辑分析、情报整合与战略推演能力。能快速从海量信息中抓住关键矛盾，预判事态发展的多种可能。\\n【感知】极其敏锐。对人的微表情、语气变化、环境细节有超常的观察力，对潜在的危险和谎言有近乎本能的直觉。这种感知力更多来自经验累积，而非超自然能力。\",\n    \"special_talents\": \"1. **危机嗅觉**：对即将发生或隐藏极深的重大危机有异乎寻常的预感能力。\\n2. **跨部门协调大师**：擅长在保密前提下，打破部门壁垒，高效整合军事、科技、外交、情报等不同领域的资源与人才。\\n3. **压力决策**：越是面临巨大压力和不确定性，其思维反而越清晰冷静，能够排除情绪干扰，做出当时情境下的最优选择。\",\n    \"current_level\": \"国家级战略安全官员/重大绝密工程初期负责人。其“等级”并非战斗或魔法能力，而是行政权限、决策影响力与信任等级。拥有仅次于最高决策层的A++级绝密权限，在【零号工程】初期拥有临机决断的广泛权力。\",\n    \"special_abilities\": \"无超自然或魔法能力。其“能力”体现在组织、管理、决策和保密领域。\",\n    \"ability_levels\": \"不适用。\",\n    \"ability_limits\": \"1. **认知局限**：作为纯粹的“现实世界”精英，对魔法、异界文明等全新体系的认知需要学习过程，初期可能低估其复杂性和危险性。\\n2. **体制约束**：尽管权力很大，但重大决策仍需遵循一定程序和获得授权，无法完全独断专行。\\n3. **个人精力**：年过五旬，面对如此高强度、高压力的全新工作，体力和精力的长期持续输出是一大挑战。\\n4. **情感隔离**：高度的理性和责任感有时会让他显得不近人情，可能影响与团队（尤其是陈启这样的年轻人）的情感沟通。\",\n    \"growth_path\": \"其成长路径是“管理者”和“决策者”的路径：\\n1. **初期（当前）**：高效搭建工程框架，确立安全底线，整合初始团队，确保项目平稳启动。\\n2. **中期**：学习理解异世界知识，调整管理思维，应对工程深入后出现的内部协调问题、外部渗透压力以及两个世界接触带来的伦理与文化冲突。\\n3. **后期**：从具体项目管理中逐渐超脱，更多参与国家层面关于两个文明关系的宏观战略制定，成为连接【零号工程】与国家最高决策层的战略顾问之一。\",\n    \"common_equipment\": \"1. 多部加密通讯设备（卫星电话、内部保密网络终端），确保随时与关键节点联系。\\n2. 一个从不离身的黑色皮质公文包，内含当前最重要的加密文件和一台离线存储设备。\\n3. 一副款式普通的平光眼镜（偶尔佩戴），镜腿内置有微型应急警报器。\\n4. 衣着内衬具备基础的防割防刺功能。\",\n    \"special_items\": \"1. **“红色密钥”**：一个特殊的物理加密U盘，储存着启动【零号工程】最高紧急预案的部分核心指令和权限验证码。\\n2. **加密记事本**：纸质笔记本，用只有他自己完全理解的符号和缩写记录最核心的思路、怀疑和人员评价，从不进行电子化。\",\n    \"personal_items\": \"1. 一块老式的军用机械手表，是已故父亲的遗物，象征纪律与传承。\\n2. 一个随身携带的茶叶罐，里面是家乡产的茶叶，在连续工作疲惫时泡上一杯，是他为数不多的放松时刻。\\n3. 一张磨损的家庭合影（妻子与女儿），存放在钱包夹层，但极少在外人面前取出。\",\n    \"key_items\": \"【零号工程】的初始授权文件、陈启的完整身份与能力评估报告、“昆仑”基地的总体建设与安全规划图。\",\n    \"family_members\": \"妻子：一名大学教师，知情程度极低，仅知丈夫从事重要保密工作。女儿：在国外知名大学攻读博士学位，专业与父亲的工作无关。李卫国对家人保护极好，尽量避免工作与家庭生活产生任何交集。\",\n    \"family_background\": \"典型的“红色”家庭背景。父亲是退役军官，母亲是教师。家庭教育强调忠诚、纪律和奉献。清正、低调、保守是家庭一贯的作风。\",\n    \"close_friends\": \"几乎没有传统意义上的“挚友”。他的工作性质决定其社交圈高度局限且带有功能性。有几位同样身处要害部门、相识数十年的同僚，彼此信任，能在关键时刻提供支持或直言相谏，但私下交往非常有限。\",\n    \"mentor_student\": \"**导师**：早年一位已退休的安全战线老领导，对其职业生涯初期影响深远，也是少数能听他倾诉巨大压力的人。\\n**学生/提携对象**：目前没有明确的“学生”，但在【零号工程】中，他有意培养几位表现出色的年轻骨干（可能来自安全、科技或外交领域），作为未来工程管理层的储备。\",\n    \"colleagues\": \"1. **陈启**：工程的核心与保护对象。李卫国对他抱有高度的责任感和一定的审视态度，关系是保护者与被保护者、领导者与关键顾问的结合，正在逐步建立超越公务的信任。\\n2. **【零号工程】科学家团队负责人**：如首席物理学家、生物学家等。李卫国尊重其专业权威，负责为他们创造安全、不受干扰的工作环境，并协调资源。\\n3. **军方联络官/安保指挥官**：负责具体武力部署与基地防卫。李卫国与其是明确的指挥与执行关系，强调绝对服从和预案协同。\\n4. **高层决策者**：李卫国是其意志在一线的延伸和执行者，需要定期进行绝密汇报。\",\n    \"grudges\": \"无个人恩怨式的仇敌。但其职责注定他与以下势力为敌：任何试图窃取【零号工程】机密、伤害陈启、破坏两个世界稳定接触的国内外个人与组织（包括故事中的跨国资本、敌对情报机构、艾恩兰德的极端保守势力等）。他将这些视为必须清除的“威胁”而非“仇敌”。\",\n    \"love_relationships\": \"与妻子婚姻稳定，但聚少离多。感情深厚而含蓄，建立在多年的理解与支持之上。由于工作性质，他很少表达情感，但对家庭负有深沉的责任感。\",\n    \"complex_emotions\": \"1. **对陈启**：混合了长辈对优秀后辈的欣赏、保护者对脆弱关键资产的责任焦虑、以及决策者对不确定因素的天然警惕。他希望陈启快速成长、担当重任，又担心他年轻经验不足出错。\\n2. **对工程**：既为能参与如此伟大的事业而感到豪情与兴奋，又时刻被如履薄冰的巨大压力所折磨。\\n3. **对未知（异世界）**：保持着高度敬畏与谨慎的好奇，理性上知道必须探索，感性上对可能存在的不可控风险充满戒备。\",\n    \"unrequited_love\": \"无。\",\n    \"emotional_changes\": \"初期以绝对的理性、权威和距离感主导工作。随着工程推进，尤其是与陈启及核心团队共历风险后，其情感层面会逐渐软化，展现出更多属于“人”的关切、信任甚至偶尔的疲惫。但他永远会将自己的情绪控制在有利于工作和团队稳定的范围内，绝不会让情感影响关键决策。从“冰冷的国家机器齿轮”向“有温度的国家工程守护者”微妙过渡。\"\n}\n```"
}
