=== Generation Output: 开门能力 ===
Raw response length: 2279
Raw response:
```json
{
    "name": "开门能力",
    "energy_type": "混合（超自然/空间/概念）",
    "description": "由主角陈启个体所承载、目前已知唯一的超自然能力。该能力表现为在现实世界（禹州/中央联邦）与魔法世界“艾恩兰德”之间，自主开启并维持一道稳定、双向的空间通道——“门”。“门”既是物理意义上的空间裂缝，也是连接两个截然不同世界规则的桥梁。能力的核心在于陈启本人成为两个世界唯一的“固定坐标”，通道的开启、定位、稳定皆以其意志和存在为基础。该能力已被国家层面的【零号工程】专家团队通过严格测试初步证实，是整个“绝密工程”得以启动的绝对先决条件，也是后续所有跨世界开发、冲突与合作的核心驱动力。",
    "source": "未知。目前推测可能与陈启个体存在的某种特殊“世界亲和性”或“概念锚点”特质有关，也可能涉及更高维度的规则干涉。其起源在故事初期完全是个谜，是【零号工程】长期基础理论研究的重要课题之一。能力的显现具有偶发性和唯一性，并非源于艾恩兰德的玛娜（魔法能量）体系或现实世界的已知物理规律。",
    "acquisition_method": "无法通过常规手段学习、复制或转移。陈启的获得是偶然的、被动的觉醒。国家研究团队正尝试从“现象逆向推导原理”，但尚未找到可复制的路径。唯一的“获取”方式就是陈启本人。",
    "storage_method": "能力本身“存储”于陈启的个体存在之中，与其生命和意识深度绑定。开启“门”所消耗的并非传统意义上的“能量”，而更接近陈启的“精神力”、“注意力”或“存在感”。目前由国家提供的生命维持、精神舒缓及营养支持方案，被证明能有效减少陈启开启和维持“门”时的身心疲劳。",
    "usage_limitations": "1. **范围与规模**：初期“门”的尺寸和稳定性有限，仅能容数人及小型设备通过。但能力会随着时间推移和陈启对两个世界认知的加深（可能也是一种成长）而缓慢增强，表现为通道可通行尺寸的逐渐扩大及稳定性的提升。\n2. **消耗与冷却**：频繁开启或长时间维持大型、高负载通道会导致陈启精神疲惫、注意力涣散，需要休息恢复。存在非严格定量的“冷却”概念，过度使用可能导致通道暂时不稳定甚至中断。\n3. **坐标唯一性**：陈启是唯一的“钥匙”和“坐标”。门只能以他所在位置（或极近范围）为现实世界起点开启，并在艾恩兰德相对固定的空间区域（初期为边缘森林某处）锚定。他无法随意改变艾恩兰德的落点，但落点区域可能随其认知扩展而缓慢变化。\n4. **不可复制性**：目前所有尝试复制、转移或解析能力本源的科技与魔法手段均告失败。",
    "common_applications": "1. **跨世界通行**：人员、物资、信息在两个世界间的安全双向运输。这是最核心、最基础的应用。\n2. **建立前哨与基地**：以“门”为连接点，在艾恩兰德建立并维持“灯塔一号”等永久或半永久性设施。\n3. **科学观测窗口**：为研究艾恩兰德物理规则、魔法（玛娜）环境、生态物种提供独一无二的、可控的接入点。\n4. **战略威慑与核心资产**：作为国家最高绝密战略资产，是【禹州/中央联邦】在后续国际博弈与艾恩兰德势力交锋中的终极底牌之一。",
    "rarity": "传说（目前已知唯一案例）",
    "stability": "相对稳定（在陈启状态良好且无强烈外部干扰下），但本质受陈启个体状态及可能的世界规则冲突影响，存在波动风险。",
    "interaction_with_other_energies": "1. **与艾恩兰德玛娜**：通道本身似乎能稳定存在于玛娜环境中，且允许玛娜在有限范围内通过。初步观测显示，通道附近有时会出现轻微的能量扰流，但未对通道结构造成破坏。玛娜环境是否长期影响能力或陈启本人，是重点研究课题。\n2. **与现实世界科技**：通道对电磁场、常规辐射表现稳定。但极端物理条件（如核爆中心、强引力场）的影响未知。现代科技（如量子监测、能量护盾）主要用于监测、保护和稳定通道周边环境，而非直接影响能力本身。\n3. **与未知干扰**：故事中提及可能遭遇来自艾恩兰德（如强力魔法仪式、神性干涉）或远古遗迹的未知能量干扰，这些是威胁通道稳定性的潜在风险。",
    "cultivation_method": "无传统意义上的“修炼方法”。但国家发现，通过以下方式可能有助于能力的“成长”或稳定：\n1. **增强陈启的身心健康与知识储备**：尤其是对两个世界文明、历史、基础规则的深入了解。\n2. **有控制地、渐进地使用能力**：在安全阈值内扩大通道规模或增加通行负载，类似于“锻炼”。\n3. **跨世界规则融合研究**：对两个世界底层规则（物理与魔法）的解析越深，陈启作为“桥梁”的适配性与稳定性可能越高。这本质上是一种基于集体智慧和国家力量的“外部辅助修炼”。",
    "typical_manifestations": "陈启集中精神，在面前空气中“勾勒”出一道边缘泛着微光、内部景象与现实截然不同的椭圆形或圆形门户。门户的视觉特征可能随对面世界环境（如艾恩兰德的森林、草原、不同时间）而变化。开启时通常伴随轻微的空间扰动感（如空气涟漪、温度微妙变化），但无剧烈声光效果。门户可维持开启状态，直到陈启主动关闭或无力维持。"
}
```
Parsed result: {
  "success": true,
  "data": {
    "name": "开门能力",
    "energy_type": "混合（超自然/空间/概念）",
    "description": "由主角陈启个体所承载、目前已知唯一的超自然能力。该能力表现为在现实世界（禹州/中央联邦）与魔法世界“艾恩兰德”之间，自主开启并维持一道稳定、双向的空间通道——“门”。“门”既是物理意义上的空间裂缝，也是连接两个截然不同世界规则的桥梁。能力的核心在于陈启本人成为两个世界唯一的“固定坐标”，通道的开启、定位、稳定皆以其意志和存在为基础。该能力已被国家层面的【零号工程】专家团队通过严格测试初步证实，是整个“绝密工程”得以启动的绝对先决条件，也是后续所有跨世界开发、冲突与合作的核心驱动力。",
    "source": "未知。目前推测可能与陈启个体存在的某种特殊“世界亲和性”或“概念锚点”特质有关，也可能涉及更高维度的规则干涉。其起源在故事初期完全是个谜，是【零号工程】长期基础理论研究的重要课题之一。能力的显现具有偶发性和唯一性，并非源于艾恩兰德的玛娜（魔法能量）体系或现实世界的已知物理规律。",
    "acquisition_method": "无法通过常规手段学习、复制或转移。陈启的获得是偶然的、被动的觉醒。国家研究团队正尝试从“现象逆向推导原理”，但尚未找到可复制的路径。唯一的“获取”方式就是陈启本人。",
    "storage_method": "能力本身“存储”于陈启的个体存在之中，与其生命和意识深度绑定。开启“门”所消耗的并非传统意义上的“能量”，而更接近陈启的“精神力”、“注意力”或“存在感”。目前由国家提供的生命维持、精神舒缓及营养支持方案，被证明能有效减少陈启开启和维持“门”时的身心疲劳。",
    "usage_limitations": "1. **范围与规模**：初期“门”的尺寸和稳定性有限，仅能容数人及小型设备通过。但能力会随着时间推移和陈启对两个世界认知的加深（可能也是一种成长）而缓慢增强，表现为通道可通行尺寸的逐渐扩大及稳定性的提升。\n2. **消耗与冷却**：频繁开启或长时间维持大型、高负载通道会导致陈启精神疲惫、注意力涣散，需要休息恢复。存在非严格定量的“冷却”概念，过度使用可能导致通道暂时不稳定甚至中断。\n3. **坐标唯一性**：陈启是唯一的“钥匙”和“坐标”。门只能以他所在位置（或极近范围）为现实世界起点开启，并在艾恩兰德相对固定的空间区域（初期为边缘森林某处）锚定。他无法随意改变艾恩兰德的落点，但落点区域可能随其认知扩展而缓慢变化。\n4. **不可复制性**：目前所有尝试复制、转移或解析能力本源的科技与魔法手段均告失败。",
    "common_applications": "1. **跨世界通行**：人员、物资、信息在两个世界间的安全双向运输。这是最核心、最基础的应用。\n2. **建立前哨与基地**：以“门”为连接点，在艾恩兰德建立并维持“灯塔一号”等永久或半永久性设施。\n3. **科学观测窗口**：为研究艾恩兰德物理规则、魔法（玛娜）环境、生态物种提供独一无二的、可控的接入点。\n4. **战略威慑与核心资产**：作为国家最高绝密战略资产，是【禹州/中央联邦】在后续国际博弈与艾恩兰德势力交锋中的终极底牌之一。",
    "rarity": "传说（目前已知唯一案例）",
    "stability": "相对稳定（在陈启状态良好且无强烈外部干扰下），但本质受陈启个体状态及可能的世界规则冲突影响，存在波动风险。",
    "interaction_with_other_energies": "1. **与艾恩兰德玛娜**：通道本身似乎能稳定存在于玛娜环境中，且允许玛娜在有限范围内通过。初步观测显示，通道附近有时会出现轻微的能量扰流，但未对通道结构造成破坏。玛娜环境是否长期影响能力或陈启本人，是重点研究课题。\n2. **与现实世界科技**：通道对电磁场、常规辐射表现稳定。但极端物理条件（如核爆中心、强引力场）的影响未知。现代科技（如量子监测、能量护盾）主要用于监测、保护和稳定通道周边环境，而非直接影响能力本身。\n3. **与未知干扰**：故事中提及可能遭遇来自艾恩兰德（如强力魔法仪式、神性干涉）或远古遗迹的未知能量干扰，这些是威胁通道稳定性的潜在风险。",
    "cultivation_method": "无传统意义上的“修炼方法”。但国家发现，通过以下方式可能有助于能力的“成长”或稳定：\n1. **增强陈启的身心健康与知识储备**：尤其是对两个世界文明、历史、基础规则的深入了解。\n2. **有控制地、渐进地使用能力**：在安全阈值内扩大通道规模或增加通行负载，类似于“锻炼”。\n3. **跨世界规则融合研究**：对两个世界底层规则（物理与魔法）的解析越深，陈启作为“桥梁”的适配性与稳定性可能越高。这本质上是一种基于集体智慧和国家力量的“外部辅助修炼”。",
    "typical_manifestations": "陈启集中精神，在面前空气中“勾勒”出一道边缘泛着微光、内部景象与现实截然不同的椭圆形或圆形门户。门户的视觉特征可能随对面世界环境（如艾恩兰德的森林、草原、不同时间）而变化。开启时通常伴随轻微的空间扰动感（如空气涟漪、温度微妙变化），但无剧烈声光效果。门户可维持开启状态，直到陈启主动关闭或无力维持。"
  },
  "raw": "```json\n{\n    \"name\": \"开门能力\",\n    \"energy_type\": \"混合（超自然/空间/概念）\",\n    \"description\": \"由主角陈启个体所承载、目前已知唯一的超自然能力。该能力表现为在现实世界（禹州/中央联邦）与魔法世界“艾恩兰德”之间，自主开启并维持一道稳定、双向的空间通道——“门”。“门”既是物理意义上的空间裂缝，也是连接两个截然不同世界规则的桥梁。能力的核心在于陈启本人成为两个世界唯一的“固定坐标”，通道的开启、定位、稳定皆以其意志和存在为基础。该能力已被国家层面的【零号工程】专家团队通过严格测试初步证实，是整个“绝密工程”得以启动的绝对先决条件，也是后续所有跨世界开发、冲突与合作的核心驱动力。\",\n    \"source\": \"未知。目前推测可能与陈启个体存在的某种特殊“世界亲和性”或“概念锚点”特质有关，也可能涉及更高维度的规则干涉。其起源在故事初期完全是个谜，是【零号工程】长期基础理论研究的重要课题之一。能力的显现具有偶发性和唯一性，并非源于艾恩兰德的玛娜（魔法能量）体系或现实世界的已知物理规律。\",\n    \"acquisition_method\": \"无法通过常规手段学习、复制或转移。陈启的获得是偶然的、被动的觉醒。国家研究团队正尝试从“现象逆向推导原理”，但尚未找到可复制的路径。唯一的“获取”方式就是陈启本人。\",\n    \"storage_method\": \"能力本身“存储”于陈启的个体存在之中，与其生命和意识深度绑定。开启“门”所消耗的并非传统意义上的“能量”，而更接近陈启的“精神力”、“注意力”或“存在感”。目前由国家提供的生命维持、精神舒缓及营养支持方案，被证明能有效减少陈启开启和维持“门”时的身心疲劳。\",\n    \"usage_limitations\": \"1. **范围与规模**：初期“门”的尺寸和稳定性有限，仅能容数人及小型设备通过。但能力会随着时间推移和陈启对两个世界认知的加深（可能也是一种成长）而缓慢增强，表现为通道可通行尺寸的逐渐扩大及稳定性的提升。\\n2. **消耗与冷却**：频繁开启或长时间维持大型、高负载通道会导致陈启精神疲惫、注意力涣散，需要休息恢复。存在非严格定量的“冷却”概念，过度使用可能导致通道暂时不稳定甚至中断。\\n3. **坐标唯一性**：陈启是唯一的“钥匙”和“坐标”。门只能以他所在位置（或极近范围）为现实世界起点开启，并在艾恩兰德相对固定的空间区域（初期为边缘森林某处）锚定。他无法随意改变艾恩兰德的落点，但落点区域可能随其认知扩展而缓慢变化。\\n4. **不可复制性**：目前所有尝试复制、转移或解析能力本源的科技与魔法手段均告失败。\",\n    \"common_applications\": \"1. **跨世界通行**：人员、物资、信息在两个世界间的安全双向运输。这是最核心、最基础的应用。\\n2. **建立前哨与基地**：以“门”为连接点，在艾恩兰德建立并维持“灯塔一号”等永久或半永久性设施。\\n3. **科学观测窗口**：为研究艾恩兰德物理规则、魔法（玛娜）环境、生态物种提供独一无二的、可控的接入点。\\n4. **战略威慑与核心资产**：作为国家最高绝密战略资产，是【禹州/中央联邦】在后续国际博弈与艾恩兰德势力交锋中的终极底牌之一。\",\n    \"rarity\": \"传说（目前已知唯一案例）\",\n    \"stability\": \"相对稳定（在陈启状态良好且无强烈外部干扰下），但本质受陈启个体状态及可能的世界规则冲突影响，存在波动风险。\",\n    \"interaction_with_other_energies\": \"1. **与艾恩兰德玛娜**：通道本身似乎能稳定存在于玛娜环境中，且允许玛娜在有限范围内通过。初步观测显示，通道附近有时会出现轻微的能量扰流，但未对通道结构造成破坏。玛娜环境是否长期影响能力或陈启本人，是重点研究课题。\\n2. **与现实世界科技**：通道对电磁场、常规辐射表现稳定。但极端物理条件（如核爆中心、强引力场）的影响未知。现代科技（如量子监测、能量护盾）主要用于监测、保护和稳定通道周边环境，而非直接影响能力本身。\\n3. **与未知干扰**：故事中提及可能遭遇来自艾恩兰德（如强力魔法仪式、神性干涉）或远古遗迹的未知能量干扰，这些是威胁通道稳定性的潜在风险。\",\n    \"cultivation_method\": \"无传统意义上的“修炼方法”。但国家发现，通过以下方式可能有助于能力的“成长”或稳定：\\n1. **增强陈启的身心健康与知识储备**：尤其是对两个世界文明、历史、基础规则的深入了解。\\n2. **有控制地、渐进地使用能力**：在安全阈值内扩大通道规模或增加通行负载，类似于“锻炼”。\\n3. **跨世界规则融合研究**：对两个世界底层规则（物理与魔法）的解析越深，陈启作为“桥梁”的适配性与稳定性可能越高。这本质上是一种基于集体智慧和国家力量的“外部辅助修炼”。\",\n    \"typical_manifestations\": \"陈启集中精神，在面前空气中“勾勒”出一道边缘泛着微光、内部景象与现实截然不同的椭圆形或圆形门户。门户的视觉特征可能随对面世界环境（如艾恩兰德的森林、草原、不同时间）而变化。开启时通常伴随轻微的空间扰动感（如空气涟漪、温度微妙变化），但无剧烈声光效果。门户可维持开启状态，直到陈启主动关闭或无力维持。\"\n}\n```"
}
